[RDP] EPD rails off
[2332] [INF] [DISP] panel 1216x684 (152 bytes/row, 103968-byte framebuffer); PSRAM free=6283572 maxBlock=6160372 internal free=98735
[2333] [INF] [HW] Starting input backends
[2394] [DBG] [MAIN] Display initialized
[2402] [DBG] [SDREG] Fonts directory not found: /.fonts
[2415] [DBG] [SDREG] Found family: Harmony sans (4 files) in /fonts
[2432] [DBG] [SDREG] Found family: LXGWWenKai Light (8 files) in /fonts
[2434] [DBG] [SDREG] Discovery complete: 2 families
[2462] [DBG] [SDCF] Loaded: /fonts/LXGWWenKai Light/LXGWWenKai Light_22.cpfont (v4, 1 styles)
[2462] [DBG] [SDCF]   style[0]: 344 intervals, 30556 glyphs, advY=55, asc=43, desc=-12, kernL=0, kernR=0, ligs=0
[2462] [DBG] [SDCF] Initial load source=sd load_ms=27
[2462] [DBG] [SDMGR] Loaded /fonts/LXGWWenKai Light/LXGWWenKai Light_22.cpfont size=22 id=-433444737 styles=1 source=sd
[2488] [DBG] [SDCF] Loaded: /fonts/LXGWWenKai Light/LXGWWenKai Light_12.cpfont (v4, 1 styles)
[2488] [DBG] [SDCF]   style[0]: 344 intervals, 30556 glyphs, advY=30, asc=24, desc=-7, kernL=0, kernR=0, ligs=0
[2489] [DBG] [SDCF] Initial load source=sd load_ms=26
[2489] [DBG] [SDMGR] Loaded /fonts/LXGWWenKai Light/LXGWWenKai Light_12.cpfont size=12 id=28116888 styles=1 source=sd
[2514] [DBG] [SDCF] Loaded: /fonts/LXGWWenKai Light/LXGWWenKai Light_14.cpfont (v4, 1 styles)
[2515] [DBG] [SDCF]   style[0]: 344 intervals, 30556 glyphs, advY=35, asc=28, desc=-8, kernL=0, kernR=0, ligs=0
[2515] [DBG] [SDCF] Initial load source=sd load_ms=26
[2515] [DBG] [SDMGR] Loaded /fonts/LXGWWenKai Light/LXGWWenKai Light_14.cpfont size=1[2517] [DBG] [SDFS] SD font system ready (2 families discovered)
[2517] [DBG] [MAIN] Fonts setup
[2517] [DBG] [ACT] Entering activity: Boot
[2641] [DBG] [GFX] Time = 124 ms from clearScreen to displayBuffer
[RDP] panel VCOM 1580 mV (PMU factory value)
[RDP] EPD rails on (SY7636A), XOE raised
[3248] [DBG] [ACT] Exiting activity: Boot
[3249] [DBG] [ACT] Entering activity: EpubReader
[3273] [DBG] [EBP] Loading ePub: /WeRead/蛤蟆先生去看心理医生-35551088.epub
[3286] [DBG] [BMC] Loaded cache data: 19 spine, 19 TOC entries
[3318] [DBG] [EBP] CSS cache missing, partial, or invalid; attempting to parse source stylesheets
[3350] [DBG] [EBP] Parsing content.opf: OEBPS/content.opf
[3416] [DBG] [COF] Found EPUB 3 nav document: OEBPS/nav.xhtml
[3503] [DBG] [COF] Using fast index for 43 manifest items
[3505] [DBG] [EBP] Successfully parsed content.opf
[3569] [DBG] [EBP] CSS files to parse: 1
[3569] [DBG] [EBP] Parsing CSS file: OEBPS/styles.css
[3663] [DBG] [CSS] Parsed 1 rules from 18 bytes
[3820] [DBG] [CSS] Saved 1 rules to complete cache
[3821] [DBG] [EBP] Loaded 1 CSS style rules from 1 files (0 identical duplicates skipped, complete)
[3833] [DBG] [BMC] Loaded cache data: 19 spine, 19 TOC entries
[3965] [DBG] [EBP] Loaded ePub: /WeRead/蛤蟆先生去看心理医生-35551088.epub
[3992] [WR] Failed to open file for reading: /.crosspoint/weread/shelf.bin
[4003] [DBG] [ERS] Loaded cache: 8, 0
[4031] [DBG] [KODoc] Calculating hash for file: /WeRead/蛤蟆先生去看心理医生-35551088.epub (size: 1432149)
[4042] [DBG] [KODoc] Hash calculated: d4865928282c376d445e0f9935eef28e (from 7168 bytes)
[4063] [DBG] [BKM] Loaded 2 bookmarks from file
[4457] [DBG] [LOOP] New max loop duration: 1211 ms (activity: 1209 ms)
[4457] [INF] [IMG] Image resampling filter -> bilinear (cache suffix .b.pxc)
[4466] [DBG] [ERS] Loading file: OEBPS/ch000008.xhtml, index: 8
[4478] [SCT] Failed to open file for reading: /.crosspoint/epub_2620571570/sections/8.bin
[4478] [DBG] [ERS] Cache not found, building...
[4738] [DBG] [SCT] Reusing cached HTML /.crosspoint/epub_2620571570/html/8.html
[4793] [DBG] [CSS] Loaded 1 rules from complete cache
[4830] [DBG] [EHP] Found image: src=images/ch000008-0.png
[4862] [DBG] [EHP] Image dimensions: 742x202
[4863] [DBG] [EHP] Display size: 628x170 (scale 0.85)
[4905] [DBG] [SDCF] Advance table style 0: +5 source=psram+sd, total=5/768
[4937] [DBG] [SDCF] Advance table style 0: +4 source=psram+sd, total=9/768
[5100] [DBG] [SDCF] Advance table style 0: +93 source=psram+sd, total=102/768
[5253] [DBG] [SDCF] Advance table style 0: +72 source=psram+sd, total=174/768
[5283] [DBG] [SCT] Page 0 processed
[5426] [DBG] [SDCF] Advance table style 0: +65 source=psram+sd, total=239/768
[5474] [DBG] [SCT] Page 1 processed
[5576] [DBG] [SDCF] Advance table style 0: +32 source=psram+sd, total=271/768
[5684] [DBG] [SDCF] Advance table style 0: +38 source=psram+sd, total=309/768
[5723] [DBG] [SCT] Page 2 processed
[5871] [DBG] [SDCF] Advance table style 0: +64 source=psram+sd, total=373/768
[5955] [DBG] [SDCF] Advance table style 0: +18 source=psram+sd, total=391/768
[5987] [DBG] [SCT] Page 3 processed
[6123] [DBG] [SDCF] Advance table style 0: +52 source=psram+sd, total=443/768
[6171] [DBG] [SCT] Page 4 processed
[6212] [DBG] [SDCF] Advance table style 0: +4 source=psram+sd, total=447/768
[6242] [DBG] [SDCF] Advance table style 0: +5 source=psram+sd, total=452/768
[6266] [DBG] [SDCF] Advance table style 0: +2 source=psram+sd, total=454/768
[6315] [DBG] [SDCF] Advance table style 0: +13 source=psram+sd, total=467/768
[6358] [DBG] [SDCF] Advance table style 0: +11 source=psram+sd, total=478/768
[6383] [DBG] [SCT] Page 5 processed
[6414] [DBG] [SDCF] Advance table style 0: +3 source=psram+sd, total=481/768
[6435] [DBG] [SDCF] Advance table style 0: +1 source=psram+sd, total=482/768
[6467] [DBG] [SDCF] Advance table style 0: +6 source=psram+sd, total=488/768
[6506] [DBG] [SDCF] Advance table style 0: +9 source=psram+sd, total=497/768
[6562] [DBG] [SDCF] Advance table style 0: +18 source=psram+sd, total=515/768
[6588] [DBG] [SCT] Page 6 processed
[6625] [DBG] [SDCF] Advance table style 0: +5 source=psram+sd, total=520/768
[6658] [DBG] [SDCF] Advance table style 0: +5 source=psram+sd, total=525/768
[6689] [DBG] [SDCF] Advance table style 0: +5 source=psram+sd, total=530/768
[6733] [DBG] [SDCF] Advance table style 0: +10 source=psram+sd, total=540/768
[6757] [DBG] [SCT] Page 7 processed
[6809] [DBG] [SDCF] Advance table style 0: +10 source=psram+sd, total=550/768
[6847] [DBG] [SDCF] Advance table style 0: +7 source=psram+sd, total=557/768
[6870] [DBG] [SDCF] Advance table style 0: +2 source=psram+sd, total=559/768
[6896] [DBG] [SCT] Page 8 processed
[6922] [DBG] [SDCF] Advance table style 0: +1 source=psram+sd, total=560/768
[6945] [DBG] [SDCF] Advance table style 0: +2 source=psram+sd, total=562/768
[6966] [DBG] [SDCF] Advance table style 0: +2 source=psram+sd, total=564/768
[7030] [DBG] [IMG] Rendering image at 28,34: /.crosspoint/epub_2620571570/img2_8_0.png (628x170)
[7062] [DBG] [IMG] Decoding and caching: /.crosspoint/epub_2620571570/img2_8_0.png
[7062] [DBG] [IMG] Using PNG decoder
[7062] [DBG] [PNG] Decoding PNG: /.crosspoint/epub_2620571570/img2_8_0.png
[7062] [DBG] [PNG] Using framebuffer scratch for cache-only decode
[7075] [DBG] [PNG] PNG 742x202 (visible 742x202) -> 628x170 (scale 0.85), type: 6, bpp: 8
[7098] [DBG] [IMG] Cache stream started: /.crosspoint/epub_2620571570/img2_8_0.b.pxc (628x170, band 16 rows)
[7712] [DBG] [PNG] PNG decoding complete - render time: 614 ms
[7736] [DBG] [IMG] Cache written: /.crosspoint/epub_2620571570/img2_8_0.b.pxc (628x170, 26694 bytes)
[7736] [DBG] [IMG] Decode successful
[7740] [DBG] [ERS] Image predecode=758ms cold=1
[8139] [DBG] [IMG] Rendering image at 28,34: /.crosspoint/epub_2620571570/img2_8_0.png (628x170)
[8152] [DBG] [IMG] Loading from cache: /.crosspoint/epub_2620571570/img2_8_0.b.pxc (628x170)
[8192] [DBG] [IMG] Cache render complete (payload now in RAM)
[8454] [DBG] [GFX] Stored BW buffer in 13 chunks (8000 bytes each)
[8456] [DBG] [IMG] Rendering image at 28,34: /.crosspoint/epub_2620571570/img2_8_0.png (628x170)
[8610] [DBG] [IMG] Rendering image at 28,34: /.crosspoint/epub_2620571570/img2_8_0.png (628x170)
[9312] [DBG] [GFX] Restored and freed BW buffer chunks
[9312] [DBG] [ERS] Page render: prewarm=1157ms bw_render=308ms display=3ms bw_store=4ms gray_lsb=154ms gray_msb=161ms gray_display=539ms bw_restore=4ms total=2330ms
[9313] [DBG] [ERS] Rendered page in 2331ms
[9427] [DBG] [ERS] Progress saved: spine=8 offset=0 page=0
[9474] [DBG] [PWR] CPU frequency now 80 MHz
[10044] [INF] [MEM] Free: 46007 bytes, Total: 261819 bytes, Min Free: 35303 bytes, MaxAlloc: 31732 bytes
[20077] [INF] [MEM] Free: 46007 bytes, Total: 261819 bytes, Min Free: 35303 bytes, MaxAlloc: 31732 bytes
