Processing readpico (board: esp32-s3-devkitc1-n16r8; platform: https://github.com/pioarduino/platform-espressif32/releases/download/55.03.37/platform-espressif32.zip; framework: arduino)
--------------------------------------------------------------------------------
Verbose mode can be enabled via `-v, --verbose` option
Patched wolfSSL settings: .pio\libdeps\default\Arduino-wolfSSL\src\user_settings.h
Patched wolfSSL settings: .pio\libdeps\eego_a4\Arduino-wolfSSL\src\user_settings.h
Patched wolfSSL settings: .pio\libdeps\readpico\Arduino-wolfSSL\src\user_settings.h
Generated: src\network\html\en\FilesPageHtml.generated.h
  Original: 224062 bytes
  Minified: 219834 bytes (98.1%)
  Compressed: 51459 bytes (23.0%)
Generated: src\network\html\en\FontsPageHtml.generated.h
  Original: 10940 bytes
  Minified: 10772 bytes (98.5%)
  Compressed: 3285 bytes (30.0%)
Generated: src\network\html\en\HomePageHtml.generated.h
  Original: 4523 bytes
  Minified: 4235 bytes (93.6%)
  Compressed: 1446 bytes (32.0%)
Generated: src\network\html\en\SettingsPageHtml.generated.h
  Original: 25672 bytes
  Minified: 25556 bytes (99.5%)
  Compressed: 5790 bytes (22.6%)
Generated: src\network\html\js\jszip_minJs.generated.h
  Original: 97630 bytes
  Minified: 97630 bytes (100.0%)
  Compressed: 28379 bytes (29.1%)
Generated: src\network\html\zh-CN\FilesPageHtml.generated.h
  Original: 217792 bytes
  Minified: 213590 bytes (98.1%)
  Compressed: 51489 bytes (23.6%)
Generated: src\network\html\zh-CN\FontsPageHtml.generated.h
  Original: 11740 bytes
  Minified: 11578 bytes (98.6%)
  Compressed: 3793 bytes (32.3%)
Generated: src\network\html\zh-CN\HomePageHtml.generated.h
  Original: 5986 bytes
  Minified: 5745 bytes (96.0%)
  Compressed: 2074 bytes (34.6%)
Generated: src\network\html\zh-CN\SettingsPageHtml.generated.h
  Original: 26130 bytes
  Minified: 26040 bytes (99.7%)
  Compressed: 6270 bytes (24.0%)
Bundled user guides: 17081 / 131072 bytes
[gen_i18n] unified firmware; building full i18n
Language              Code   BCP47        Own   Fallback  Unused  Data (B)
--------------------  -----  -----------  ----  --------  ------  --------
English               EN     en           1116  0         30      19175   
العربية               AR     ar           437   679       5       13177   
Беларуская            BE     be           437   679       5       15129   
Bosanski              BS     bs           437   679       5       9000    
Català                CA     ca           438   678       5       9854    
Valencià              CAV    ca-valencia  440   676       5       9808    
Čeština               CS     cs           437   679       5       9397    
Dansk                 DA     da           323   793       2       5510    
Deutsch               DE     de           437   679       5       8353    
Español               ES     es           438   678       5       9212    
فارسی                 FA     fa           460   656       5       14681   
Suomi                 FI     fi           293   823       2       5564    
Français              FR     fr           437   679       5       8632    
עברית                 HE     he           437   679       5       11269   
Magyar                HU     hu           437   679       5       9855    
Bahasa Indonesia      ID     id           437   679       5       8432    
Italiano              IT     it           436   680       4       8484    
Қазақша               KK     kk           437   679       5       15308   
Lietuvių              LT     lt           437   679       5       7758    
Norsk bokmål          NB     nb           437   679       5       7985    
Nederlands            NL     nl           323   793       2       5512    
Orangutan             OOK    ook          330   786       3       2606    
Polski                PL     pl           437   679       5       8885    
Português (Brasil)    PT     pt-BR        437   679       5       8797    
Português (Portugal)  P2     pt-PT        437   679       5       9514    
Română                RO     ro           323   793       2       6296    
Русский               RU     ru           435   681       5       14550   
Slovenčina            SK     sk           437   679       5       9460    
Slovenščina           SI     sl           437   679       5       8901    
Svenska               SV     sv           458   658       5       8756    
Türkçe                TR     tr           437   679       5       8862    
Українська            UK     uk           437   679       5       15512   
Tiếng Việt            VI     vi           444   672       5       10075   
简体中文                  ZH_CN  zh-CN        1116  0         30      18348   

  Total: 1116  |  Used in code: 1086  |  Never used: 30
  Flash: 342,657 B strings (deduped)  +  75,888 B offset tables  =  418,545 B

  Stripping 30 unused string(s) from output.

Code generation complete!
  Languages: 34
  String keys: 1086
CONFIGURATION: https://docs.platformio.org/page/boards/espressif32/esp32-s3-devkitc1-n16r8.html
PLATFORM: Espressif 32 (55.3.37) > Espressif ESP32-S3-DevKitC-1-N16R8V (16 MB Flash Quad, 8 MB PSRAM Octal)
HARDWARE: ESP32S3 240MHz, 320KB RAM, 16MB Flash
DEBUG: Current (esp-builtin) On-board (esp-builtin) External (cmsis-dap, esp-bridge, esp-prog, iot-bus-jtag, jlink, minimodule, olimex-arm-usb-ocd, olimex-arm-usb-ocd-h, olimex-arm-usb-tiny-h, olimex-jtag-tiny, tumpa)
PACKAGES: 
 - contrib-piohome @ 3.4.4 
 - framework-arduinoespressif32 @ 3.3.7 
 - framework-arduinoespressif32-libs @ 5.5.0+sha.87912cd291 
 - framework-espidf @ 3.50502.0 (5.5.2) 
 - tool-cmake @ 4.0.3 
 - tool-cppcheck @ 2.11.0+230717 
 - tool-esp-rom-elfs @ 2024.10.11 
 - tool-esptoolpy @ 5.1.2 
 - tool-ninja @ 1.13.1 
 - tool-scons @ 4.40801.0 (4.8.1) 
 - toolchain-xtensa-esp-elf @ 14.2.0+20251107
[ComponentManager] BT/BLE protection enabled
[ComponentManager] Protected BT library: bt
[ComponentManager] Processed 1 ignored libraries
[ComponentManager] Session completed with 3 changes
*** Applied include path shortening for 336 framework paths ***
*** Path length reduced from 35951 to ~14192 characters ***
*** Estimated savings: 21168 characters ***
LDF: Library Dependency Finder -> https://bit.ly/configure-pio-ldf
LDF Modes: Finder ~ chain, Compatibility ~ soft
Found 96 compatible libraries
Scanning dependencies...
Dependency Graph
|-- BatteryMonitor @ 2.0.0
|-- InputManager @ 2.0.0
|-- EInkDisplay @ 2.0.0
|-- SDCardManager @ 2.0.0
|-- UsbMassStorage @ 1.0.0
|-- BoardConfig @ 2.0.0
|-- XteinkDetect @ 1.0.0
|-- PowerManager @ 1.0.0
|-- BleKeyboardHost @ 1.0.0
|-- FrontlightManager @ 1.0.0
|-- Rtc @ 1.0.0
|-- Imu @ 1.0.0
|-- SecureNet @ 1.0.0
|-- FreeInkUI @ 0.1.0
|-- Icons @ 1.0.0
|-- ArduinoJson @ 7.4.2
|-- QRCode @ 0.0.1
|-- PNGdec @ 1.1.6
|-- JPEGDEC @ 1.2.7+sha.8628297
|-- WebSockets @ 2.7.3
|-- PubSubClient @ 2.8.0
|-- Arduino-wolfSSL @ 5.7.2
|-- NimBLE-Arduino @ 2.3.8
|-- BoardReadPico @ 0.1.0
|-- EpdiyLcd @ 1.0.0
|-- hal
|-- I18n
|-- Logging
|-- GfxRenderer
|-- Serialization
|-- Memory
|-- WiFi @ 3.3.7
|-- FsHelpers
|-- Epub
|-- Xtc
|-- JpegToBmpConverter
|-- AvatarGen
|-- Txt
|-- Utf8
|-- KOReaderSync
|-- WeReadWebApi @ 1.0.0
|-- EpdFont
|-- OpdsParser
|-- ESPmDNS @ 3.3.7
|-- DNSServer @ 3.3.7
|-- MiniBidi
|-- PngToBmpConverter
|-- SoundFeedback
|-- SPI @ 3.3.7
|-- JsonParser
|-- InflateReader
|-- SloppyDigits
|-- Networking @ 3.3.7
|-- WebServer @ 3.3.7
Building in release mode
Retrieved `.pio\build\readpico\lib788\Wire\Wire.cpp.o' from cache
Retrieved `.pio\build\readpico\lib18a\BatteryMonitor\BatteryMonitor.cpp.o' from cache
Retrieved `.pio\build\readpico\libc48\InputManager\InputManager.cpp.o' from cache
Retrieved `.pio\build\readpico\lib1db\SPI\SPI.cpp.o' from cache
Compiling .pio\build\readpico\lib58d\EpdiyLcd\EpdiyLcd.cpp.o
Retrieved `.pio\build\readpico\lib58d\EpdiyLcd\e0470\e0470_epaper_waveform.c.o' from cache
Retrieved `.pio\build\readpico\lib58d\EpdiyLcd\e0470\e0470_waveform_trim.c.o' from cache
Retrieved `.pio\build\readpico\lib58d\EpdiyLcd\epdiy\src\board\epd_board.c.o' from cache
Retrieved `.pio\build\readpico\lib58d\EpdiyLcd\epdiy\src\diff.S.o' from cache
Retrieved `.pio\build\readpico\lib58d\EpdiyLcd\epdiy\src\displays.c.o' from cache
Retrieved `.pio\build\readpico\lib58d\EpdiyLcd\epdiy\src\epdiy.c.o' from cache
Retrieved `.pio\build\readpico\lib58d\EpdiyLcd\epdiy\src\highlevel.c.o' from cache
Retrieved `.pio\build\readpico\lib58d\EpdiyLcd\epdiy\src\output_common\line_queue.c.o' from cache
Retrieved `.pio\build\readpico\lib58d\EpdiyLcd\epdiy\src\output_common\lut.S.o' from cache
Retrieved `.pio\build\readpico\lib58d\EpdiyLcd\epdiy\src\output_common\lut.c.o' from cache
Retrieved `.pio\build\readpico\lib58d\EpdiyLcd\epdiy\src\output_common\render_context.c.o' from cache
Retrieved `.pio\build\readpico\lib58d\EpdiyLcd\epdiy\src\output_common\rmt_compat.c.o' from cache
Retrieved `.pio\build\readpico\lib58d\EpdiyLcd\epdiy\src\output_lcd\lcd_driver.c.o' from cache
Retrieved `.pio\build\readpico\lib58d\EpdiyLcd\epdiy\src\output_lcd\render_lcd.c.o' from cache
Retrieved `.pio\build\readpico\lib58d\EpdiyLcd\epdiy\src\render.c.o' from cache
Compiling .pio\build\readpico\lib0d5\FreeInkDisplay\FreeInkDisplay.cpp.o
Retrieved `.pio\build\readpico\lib0d5\FreeInkDisplay\bus\EpdBus.cpp.o' from cache
Retrieved `.pio\build\readpico\lib0d5\FreeInkDisplay\driver\CrossMuxSsd1677Driver.cpp.o' from cache
Retrieved `.pio\build\readpico\lib0d5\FreeInkDisplay\driver\Ed2208M5Driver.cpp.o' from cache
Compiling .pio\build\readpico\lib0d5\FreeInkDisplay\driver\EpdiyLcdDriver.cpp.o
Retrieved `.pio\build\readpico\lib0d5\FreeInkDisplay\driver\It8951Driver.cpp.o' from cache
Retrieved `.pio\build\readpico\lib0d5\FreeInkDisplay\driver\LgfxEpdDriver.cpp.o' from cache
Retrieved `.pio\build\readpico\lib0d5\FreeInkDisplay\driver\M5OfficialDriver.cpp.o' from cache
Retrieved `.pio\build\readpico\lib0d5\FreeInkDisplay\driver\PaperMonoDriver.cpp.o' from cache
Retrieved `.pio\build\readpico\lib0d5\FreeInkDisplay\driver\Ssd1677Driver.cpp.o' from cache
Retrieved `.pio\build\readpico\lib0d5\FreeInkDisplay\driver\Uc8179Driver.cpp.o' from cache
Retrieved `.pio\build\readpico\lib0d5\FreeInkDisplay\driver\Uc8253MurphyDriver.cpp.o' from cache
Retrieved `.pio\build\readpico\lib0d5\FreeInkDisplay\driver\Uc8253X3Driver.cpp.o' from cache
Retrieved `.pio\build\readpico\lib0d5\FreeInkDisplay\driver\Uc8279Driver.cpp.o' from cache
Retrieved `.pio\build\readpico\lib0d5\FreeInkDisplay\driver\Uc8279X4Driver.cpp.o' from cache
Retrieved `.pio\build\readpico\lib0d5\FreeInkDisplay\driver\Uc8279cA4Driver.cpp.o' from cache
Retrieved `.pio\build\readpico\libd21\SdFat\ExFatLib\ExFatDbg.cpp.o' from cache
Retrieved `.pio\build\readpico\libd21\SdFat\ExFatLib\ExFatFile.cpp.o' from cache
Retrieved `.pio\build\readpico\libd21\SdFat\ExFatLib\ExFatFilePrint.cpp.o' from cache
Retrieved `.pio\build\readpico\libd21\SdFat\ExFatLib\ExFatFileWrite.cpp.o' from cache
Retrieved `.pio\build\readpico\libd21\SdFat\ExFatLib\ExFatFormatter.cpp.o' from cache
Retrieved `.pio\build\readpico\libd21\SdFat\ExFatLib\ExFatName.cpp.o' from cache
Retrieved `.pio\build\readpico\libd21\SdFat\ExFatLib\ExFatPartition.cpp.o' from cache
Retrieved `.pio\build\readpico\libd21\SdFat\ExFatLib\ExFatVolume.cpp.o' from cache
Retrieved `.pio\build\readpico\libd21\SdFat\FatLib\FatDbg.cpp.o' from cache
Retrieved `.pio\build\readpico\libd21\SdFat\FatLib\FatFile.cpp.o' from cache
Retrieved `.pio\build\readpico\libd21\SdFat\FatLib\FatFileLFN.cpp.o' from cache
Retrieved `.pio\build\readpico\libd21\SdFat\FatLib\FatFilePrint.cpp.o' from cache
Retrieved `.pio\build\readpico\libd21\SdFat\FatLib\FatFileSFN.cpp.o' from cache
Retrieved `.pio\build\readpico\libd21\SdFat\FatLib\FatFormatter.cpp.o' from cache
Retrieved `.pio\build\readpico\libd21\SdFat\FatLib\FatName.cpp.o' from cache
Retrieved `.pio\build\readpico\libd21\SdFat\FatLib\FatPartition.cpp.o' from cache
Retrieved `.pio\build\readpico\libd21\SdFat\FatLib\FatVolume.cpp.o' from cache
Retrieved `.pio\build\readpico\libd21\SdFat\FreeStack.cpp.o' from cache
Retrieved `.pio\build\readpico\libd21\SdFat\FsLib\FsFile.cpp.o' from cache
Retrieved `.pio\build\readpico\libd21\SdFat\FsLib\FsNew.cpp.o' from cache
Retrieved `.pio\build\readpico\libd21\SdFat\FsLib\FsVolume.cpp.o' from cache
Retrieved `.pio\build\readpico\libd21\SdFat\MinimumSerial.cpp.o' from cache
Retrieved `.pio\build\readpico\libd21\SdFat\SdCard\PioSdio\PioSdioCard.cpp.o' from cache
Retrieved `.pio\build\readpico\libd21\SdFat\SdCard\SdCardInfo.cpp.o' from cache
Retrieved `.pio\build\readpico\libd21\SdFat\SdCard\SdSpiCard\SdSpiCard.cpp.o' from cache
Retrieved `.pio\build\readpico\libd21\SdFat\SdCard\SdSpiCard\SpiDriver\SdSpiChipSelect.cpp.o' from cache
Retrieved `.pio\build\readpico\libd21\SdFat\SdCard\SdSpiCard\SpiDriver\SdSpiDue.cpp.o' from cache
Retrieved `.pio\build\readpico\libd21\SdFat\SdCard\SdSpiCard\SpiDriver\SdSpiSTM32Core.cpp.o' from cache
Retrieved `.pio\build\readpico\libd21\SdFat\SdCard\SdSpiCard\SpiDriver\SdSpiTeensy3.cpp.o' from cache
Retrieved `.pio\build\readpico\libd21\SdFat\SdCard\TeensySdio\TeensySdio.cpp.o' from cache
Retrieved `.pio\build\readpico\libd21\SdFat\common\FmtNumber.cpp.o' from cache
Retrieved `.pio\build\readpico\libd21\SdFat\common\FsCache.cpp.o' from cache
Retrieved `.pio\build\readpico\libd21\SdFat\common\FsDateTime.cpp.o' from cache
Retrieved `.pio\build\readpico\libd21\SdFat\common\FsName.cpp.o' from cache
Retrieved `.pio\build\readpico\libd21\SdFat\common\FsStructs.cpp.o' from cache
Retrieved `.pio\build\readpico\libd21\SdFat\common\FsUtf.cpp.o' from cache
Retrieved `.pio\build\readpico\libd21\SdFat\common\PrintBasic.cpp.o' from cache
Retrieved `.pio\build\readpico\libd21\SdFat\common\upcase.cpp.o' from cache
Retrieved `.pio\build\readpico\libd21\SdFat\iostream\StdioStream.cpp.o' from cache
Retrieved `.pio\build\readpico\libd21\SdFat\iostream\StreamBaseClass.cpp.o' from cache
Retrieved `.pio\build\readpico\libd21\SdFat\iostream\istream.cpp.o' from cache
Retrieved `.pio\build\readpico\libd21\SdFat\iostream\ostream.cpp.o' from cache
Retrieved `.pio\build\readpico\lib463\SDCardManager\SDCardManager.cpp.o' from cache
Retrieved `.pio\build\readpico\lib463\SDCardManager\SdmmcBlockDevice.cpp.o' from cache
Retrieved `.pio\build\readpico\lib5bb\UsbMassStorage\UsbMassStorage.cpp.o' from cache
Retrieved `.pio\build\readpico\lib0d3\XteinkDetect\XteinkDetect.cpp.o' from cache
Retrieved `.pio\build\readpico\lib7b3\PowerManager\PowerManager.cpp.o' from cache
Retrieved `.pio\build\readpico\libafb\NimBLE-Arduino\NimBLE2904.cpp.o' from cache
Retrieved `.pio\build\readpico\libafb\NimBLE-Arduino\NimBLEAddress.cpp.o' from cache
Retrieved `.pio\build\readpico\libafb\NimBLE-Arduino\NimBLEAdvertisedDevice.cpp.o' from cache
Retrieved `.pio\build\readpico\libafb\NimBLE-Arduino\NimBLEAdvertisementData.cpp.o' from cache
Retrieved `.pio\build\readpico\libafb\NimBLE-Arduino\NimBLEAdvertising.cpp.o' from cache
Retrieved `.pio\build\readpico\libafb\NimBLE-Arduino\NimBLEAttValue.cpp.o' from cache
Retrieved `.pio\build\readpico\libafb\NimBLE-Arduino\NimBLEBeacon.cpp.o' from cache
Retrieved `.pio\build\readpico\libafb\NimBLE-Arduino\NimBLECharacteristic.cpp.o' from cache
Retrieved `.pio\build\readpico\libafb\NimBLE-Arduino\NimBLEClient.cpp.o' from cache
Retrieved `.pio\build\readpico\libafb\NimBLE-Arduino\NimBLEDescriptor.cpp.o' from cache
Retrieved `.pio\build\readpico\libafb\NimBLE-Arduino\NimBLEDevice.cpp.o' from cache
Retrieved `.pio\build\readpico\libafb\NimBLE-Arduino\NimBLEEddystoneTLM.cpp.o' from cache
Retrieved `.pio\build\readpico\libafb\NimBLE-Arduino\NimBLEExtAdvertising.cpp.o' from cache
Retrieved `.pio\build\readpico\libafb\NimBLE-Arduino\NimBLEHIDDevice.cpp.o' from cache
Retrieved `.pio\build\readpico\libafb\NimBLE-Arduino\NimBLEL2CAPChannel.cpp.o' from cache
Retrieved `.pio\build\readpico\libafb\NimBLE-Arduino\NimBLEL2CAPServer.cpp.o' from cache
Retrieved `.pio\build\readpico\libafb\NimBLE-Arduino\NimBLERemoteCharacteristic.cpp.o' from cache
Retrieved `.pio\build\readpico\libafb\NimBLE-Arduino\NimBLERemoteDescriptor.cpp.o' from cache
Retrieved `.pio\build\readpico\libafb\NimBLE-Arduino\NimBLERemoteService.cpp.o' from cache
Retrieved `.pio\build\readpico\libafb\NimBLE-Arduino\NimBLERemoteValueAttribute.cpp.o' from cache
Retrieved `.pio\build\readpico\libafb\NimBLE-Arduino\NimBLEScan.cpp.o' from cache
Retrieved `.pio\build\readpico\libafb\NimBLE-Arduino\NimBLEServer.cpp.o' from cache
Retrieved `.pio\build\readpico\libafb\NimBLE-Arduino\NimBLEService.cpp.o' from cache
Retrieved `.pio\build\readpico\libafb\NimBLE-Arduino\NimBLEUUID.cpp.o' from cache
Retrieved `.pio\build\readpico\libafb\NimBLE-Arduino\NimBLEUtils.cpp.o' from cache
Retrieved `.pio\build\readpico\libafb\NimBLE-Arduino\nimble\esp_port\esp-hci\src\esp_nimble_hci.c.o' from cache
Retrieved `.pio\build\readpico\libafb\NimBLE-Arduino\nimble\esp_port\esp-hci\src\na_hci_driver.c.o' from cache
Retrieved `.pio\build\readpico\libafb\NimBLE-Arduino\nimble\esp_port\esp-hci\src\na_hci_transport.c.o' from cache
Retrieved `.pio\build\readpico\libafb\NimBLE-Arduino\nimble\esp_port\port\src\exp_nimble_mem.c.o' from cache
Retrieved `.pio\build\readpico\libafb\NimBLE-Arduino\nimble\ext\tinycrypt\src\aes_decrypt.c.o' from cache
Retrieved `.pio\build\readpico\libafb\NimBLE-Arduino\nimble\ext\tinycrypt\src\aes_encrypt.c.o' from cache
Retrieved `.pio\build\readpico\libafb\NimBLE-Arduino\nimble\ext\tinycrypt\src\cbc_mode.c.o' from cache
Retrieved `.pio\build\readpico\libafb\NimBLE-Arduino\nimble\ext\tinycrypt\src\ccm_mode.c.o' from cache
Retrieved `.pio\build\readpico\libafb\NimBLE-Arduino\nimble\ext\tinycrypt\src\cmac_mode.c.o' from cache
Retrieved `.pio\build\readpico\libafb\NimBLE-Arduino\nimble\ext\tinycrypt\src\ctr_mode.c.o' from cache
Retrieved `.pio\build\readpico\libafb\NimBLE-Arduino\nimble\ext\tinycrypt\src\ctr_prng.c.o' from cache
Retrieved `.pio\build\readpico\libafb\NimBLE-Arduino\nimble\ext\tinycrypt\src\ecc.c.o' from cache
Retrieved `.pio\build\readpico\libafb\NimBLE-Arduino\nimble\ext\tinycrypt\src\ecc_dh.c.o' from cache
Retrieved `.pio\build\readpico\libafb\NimBLE-Arduino\nimble\ext\tinycrypt\src\ecc_dsa.c.o' from cache
Retrieved `.pio\build\readpico\libafb\NimBLE-Arduino\nimble\ext\tinycrypt\src\ecc_platform_specific.c.o' from cache
Retrieved `.pio\build\readpico\libafb\NimBLE-Arduino\nimble\ext\tinycrypt\src\hmac.c.o' from cache
Retrieved `.pio\build\readpico\libafb\NimBLE-Arduino\nimble\ext\tinycrypt\src\hmac_prng.c.o' from cache
Retrieved `.pio\build\readpico\libafb\NimBLE-Arduino\nimble\ext\tinycrypt\src\sha256.c.o' from cache
Retrieved `.pio\build\readpico\libafb\NimBLE-Arduino\nimble\ext\tinycrypt\src\utils.c.o' from cache
Retrieved `.pio\build\readpico\libafb\NimBLE-Arduino\nimble\nimble\controller\src\ble_ll.c.o' from cache
Retrieved `.pio\build\readpico\libafb\NimBLE-Arduino\nimble\nimble\controller\src\ble_ll_adv.c.o' from cache
Retrieved `.pio\build\readpico\libafb\NimBLE-Arduino\nimble\nimble\controller\src\ble_ll_conn.c.o' from cache
Retrieved `.pio\build\readpico\libafb\NimBLE-Arduino\nimble\nimble\controller\src\ble_ll_conn_hci.c.o' from cache
Retrieved `.pio\build\readpico\libafb\NimBLE-Arduino\nimble\nimble\controller\src\ble_ll_crypto.c.o' from cache
Retrieved `.pio\build\readpico\libafb\NimBLE-Arduino\nimble\nimble\controller\src\ble_ll_ctrl.c.o' from cache
Retrieved `.pio\build\readpico\libafb\NimBLE-Arduino\nimble\nimble\controller\src\ble_ll_dtm.c.o' from cache
Retrieved `.pio\build\readpico\libafb\NimBLE-Arduino\nimble\nimble\controller\src\ble_ll_hci.c.o' from cache
Retrieved `.pio\build\readpico\libafb\NimBLE-Arduino\nimble\nimble\controller\src\ble_ll_hci_ev.c.o' from cache
Retrieved `.pio\build\readpico\libafb\NimBLE-Arduino\nimble\nimble\controller\src\ble_ll_hci_supp_cmd.c.o' from cache
Retrieved `.pio\build\readpico\libafb\NimBLE-Arduino\nimble\nimble\controller\src\ble_ll_hci_vs.c.o' from cache
Retrieved `.pio\build\readpico\libafb\NimBLE-Arduino\nimble\nimble\controller\src\ble_ll_iso.c.o' from cache
Retrieved `.pio\build\readpico\libafb\NimBLE-Arduino\nimble\nimble\controller\src\ble_ll_iso_big.c.o' from cache
Retrieved `.pio\build\readpico\libafb\NimBLE-Arduino\nimble\nimble\controller\src\ble_ll_isoal.c.o' from cache
Retrieved `.pio\build\readpico\libafb\NimBLE-Arduino\nimble\nimble\controller\src\ble_ll_pdu.c.o' from cache
Retrieved `.pio\build\readpico\libafb\NimBLE-Arduino\nimble\nimble\controller\src\ble_ll_rand.c.o' from cache
Retrieved `.pio\build\readpico\libafb\NimBLE-Arduino\nimble\nimble\controller\src\ble_ll_resolv.c.o' from cache
Retrieved `.pio\build\readpico\libafb\NimBLE-Arduino\nimble\nimble\controller\src\ble_ll_rfmgmt.c.o' from cache
Retrieved `.pio\build\readpico\libafb\NimBLE-Arduino\nimble\nimble\controller\src\ble_ll_scan.c.o' from cache
Retrieved `.pio\build\readpico\libafb\NimBLE-Arduino\nimble\nimble\controller\src\ble_ll_scan_aux.c.o' from cache
Retrieved `.pio\build\readpico\libafb\NimBLE-Arduino\nimble\nimble\controller\src\ble_ll_sched.c.o' from cache
Retrieved `.pio\build\readpico\libafb\NimBLE-Arduino\nimble\nimble\controller\src\ble_ll_sync.c.o' from cache
Retrieved `.pio\build\readpico\libafb\NimBLE-Arduino\nimble\nimble\controller\src\ble_ll_trace.c.o' from cache
Retrieved `.pio\build\readpico\libafb\NimBLE-Arduino\nimble\nimble\controller\src\ble_ll_utils.c.o' from cache
Retrieved `.pio\build\readpico\libafb\NimBLE-Arduino\nimble\nimble\controller\src\ble_ll_whitelist.c.o' from cache
Retrieved `.pio\build\readpico\libafb\NimBLE-Arduino\nimble\nimble\drivers\nrf51\src\ble_hw.c.o' from cache
Retrieved `.pio\build\readpico\libafb\NimBLE-Arduino\nimble\nimble\drivers\nrf51\src\ble_phy.c.o' from cache
Retrieved `.pio\build\readpico\libafb\NimBLE-Arduino\nimble\nimble\drivers\nrf5x\src\ble_hw.c.o' from cache
Retrieved `.pio\build\readpico\libafb\NimBLE-Arduino\nimble\nimble\drivers\nrf5x\src\ble_phy.c.o' from cache
Retrieved `.pio\build\readpico\libafb\NimBLE-Arduino\nimble\nimble\drivers\nrf5x\src\ble_phy_trace.c.o' from cache
Retrieved `.pio\build\readpico\libafb\NimBLE-Arduino\nimble\nimble\drivers\nrf5x\src\nrf52\phy.c.o' from cache
Retrieved `.pio\build\readpico\libafb\NimBLE-Arduino\nimble\nimble\drivers\nrf5x\src\nrf53\phy.c.o' from cache
Retrieved `.pio\build\readpico\libafb\NimBLE-Arduino\nimble\nimble\host\mesh\src\access.c.o' from cache
Retrieved `.pio\build\readpico\libafb\NimBLE-Arduino\nimble\nimble\host\mesh\src\adv.c.o' from cache
Retrieved `.pio\build\readpico\libafb\NimBLE-Arduino\nimble\nimble\host\mesh\src\adv_ext.c.o' from cache
Retrieved `.pio\build\readpico\libafb\NimBLE-Arduino\nimble\nimble\host\mesh\src\adv_legacy.c.o' from cache
Retrieved `.pio\build\readpico\libafb\NimBLE-Arduino\nimble\nimble\host\mesh\src\aes-ccm.c.o' from cache
Retrieved `.pio\build\readpico\libafb\NimBLE-Arduino\nimble\nimble\host\mesh\src\app_keys.c.o' from cache
Retrieved `.pio\build\readpico\libafb\NimBLE-Arduino\nimble\nimble\host\mesh\src\beacon.c.o' from cache
Retrieved `.pio\build\readpico\libafb\NimBLE-Arduino\nimble\nimble\host\mesh\src\cdb.c.o' from cache
Retrieved `.pio\build\readpico\libafb\NimBLE-Arduino\nimble\nimble\host\mesh\src\cfg.c.o' from cache
Retrieved `.pio\build\readpico\libafb\NimBLE-Arduino\nimble\nimble\host\mesh\src\cfg_cli.c.o' from cache
Retrieved `.pio\build\readpico\libafb\NimBLE-Arduino\nimble\nimble\host\mesh\src\cfg_srv.c.o' from cache
Retrieved `.pio\build\readpico\libafb\NimBLE-Arduino\nimble\nimble\host\mesh\src\crypto.c.o' from cache
Retrieved `.pio\build\readpico\libafb\NimBLE-Arduino\nimble\nimble\host\mesh\src\friend.c.o' from cache
Retrieved `.pio\build\readpico\libafb\NimBLE-Arduino\nimble\nimble\host\mesh\src\glue.c.o' from cache
Retrieved `.pio\build\readpico\libafb\NimBLE-Arduino\nimble\nimble\host\mesh\src\health_cli.c.o' from cache
Retrieved `.pio\build\readpico\libafb\NimBLE-Arduino\nimble\nimble\host\mesh\src\health_srv.c.o' from cache
Retrieved `.pio\build\readpico\libafb\NimBLE-Arduino\nimble\nimble\host\mesh\src\heartbeat.c.o' from cache
Retrieved `.pio\build\readpico\libafb\NimBLE-Arduino\nimble\nimble\host\mesh\src\light_model.c.o' from cache
Retrieved `.pio\build\readpico\libafb\NimBLE-Arduino\nimble\nimble\host\mesh\src\lpn.c.o' from cache
Retrieved `.pio\build\readpico\libafb\NimBLE-Arduino\nimble\nimble\host\mesh\src\mesh.c.o' from cache
Retrieved `.pio\build\readpico\libafb\NimBLE-Arduino\nimble\nimble\host\mesh\src\model_cli.c.o' from cache
Retrieved `.pio\build\readpico\libafb\NimBLE-Arduino\nimble\nimble\host\mesh\src\model_srv.c.o' from cache
Retrieved `.pio\build\readpico\libafb\NimBLE-Arduino\nimble\nimble\host\mesh\src\msg.c.o' from cache
Retrieved `.pio\build\readpico\libafb\NimBLE-Arduino\nimble\nimble\host\mesh\src\net.c.o' from cache
Retrieved `.pio\build\readpico\libafb\NimBLE-Arduino\nimble\nimble\host\mesh\src\pb_adv.c.o' from cache
Retrieved `.pio\build\readpico\libafb\NimBLE-Arduino\nimble\nimble\host\mesh\src\pb_gatt.c.o' from cache
Retrieved `.pio\build\readpico\libafb\NimBLE-Arduino\nimble\nimble\host\mesh\src\pb_gatt_srv.c.o' from cache
Retrieved `.pio\build\readpico\libafb\NimBLE-Arduino\nimble\nimble\host\mesh\src\prov.c.o' from cache
Retrieved `.pio\build\readpico\libafb\NimBLE-Arduino\nimble\nimble\host\mesh\src\prov_device.c.o' from cache
Retrieved `.pio\build\readpico\libafb\NimBLE-Arduino\nimble\nimble\host\mesh\src\provisioner.c.o' from cache
Retrieved `.pio\build\readpico\libafb\NimBLE-Arduino\nimble\nimble\host\mesh\src\proxy.c.o' from cache
Retrieved `.pio\build\readpico\libafb\NimBLE-Arduino\nimble\nimble\host\mesh\src\proxy_msg.c.o' from cache
Retrieved `.pio\build\readpico\libafb\NimBLE-Arduino\nimble\nimble\host\mesh\src\proxy_srv.c.o' from cache
Retrieved `.pio\build\readpico\libafb\NimBLE-Arduino\nimble\nimble\host\mesh\src\rpl.c.o' from cache
Retrieved `.pio\build\readpico\libafb\NimBLE-Arduino\nimble\nimble\host\mesh\src\settings.c.o' from cache
Retrieved `.pio\build\readpico\libafb\NimBLE-Arduino\nimble\nimble\host\mesh\src\shell.c.o' from cache
Retrieved `.pio\build\readpico\libafb\NimBLE-Arduino\nimble\nimble\host\mesh\src\subnet.c.o' from cache
Retrieved `.pio\build\readpico\libafb\NimBLE-Arduino\nimble\nimble\host\mesh\src\testing.c.o' from cache
Retrieved `.pio\build\readpico\libafb\NimBLE-Arduino\nimble\nimble\host\mesh\src\transport.c.o' from cache
Retrieved `.pio\build\readpico\libafb\NimBLE-Arduino\nimble\nimble\host\services\gap\src\ble_svc_gap.c.o' from cache
Retrieved `.pio\build\readpico\libafb\NimBLE-Arduino\nimble\nimble\host\services\gatt\src\ble_svc_gatt.c.o' from cache
Retrieved `.pio\build\readpico\libafb\NimBLE-Arduino\nimble\nimble\host\src\ble_aes_ccm.c.o' from cache
Retrieved `.pio\build\readpico\libafb\NimBLE-Arduino\nimble\nimble\host\src\ble_att.c.o' from cache
Retrieved `.pio\build\readpico\libafb\NimBLE-Arduino\nimble\nimble\host\src\ble_att_clt.c.o' from cache
Retrieved `.pio\build\readpico\libafb\NimBLE-Arduino\nimble\nimble\host\src\ble_att_cmd.c.o' from cache
Retrieved `.pio\build\readpico\libafb\NimBLE-Arduino\nimble\nimble\host\src\ble_att_svr.c.o' from cache
Retrieved `.pio\build\readpico\libafb\NimBLE-Arduino\nimble\nimble\host\src\ble_dtm.c.o' from cache
Retrieved `.pio\build\readpico\libafb\NimBLE-Arduino\nimble\nimble\host\src\ble_ead.c.o' from cache
Retrieved `.pio\build\readpico\libafb\NimBLE-Arduino\nimble\nimble\host\src\ble_eatt.c.o' from cache
Retrieved `.pio\build\readpico\libafb\NimBLE-Arduino\nimble\nimble\host\src\ble_eddystone.c.o' from cache
Retrieved `.pio\build\readpico\libafb\NimBLE-Arduino\nimble\nimble\host\src\ble_gap.c.o' from cache
Retrieved `.pio\build\readpico\libafb\NimBLE-Arduino\nimble\nimble\host\src\ble_gattc.c.o' from cache
Retrieved `.pio\build\readpico\libafb\NimBLE-Arduino\nimble\nimble\host\src\ble_gattc_cache.c.o' from cache
Retrieved `.pio\build\readpico\libafb\NimBLE-Arduino\nimble\nimble\host\src\ble_gattc_cache_conn.c.o' from cache
Retrieved `.pio\build\readpico\libafb\NimBLE-Arduino\nimble\nimble\host\src\ble_gatts.c.o' from cache
Retrieved `.pio\build\readpico\libafb\NimBLE-Arduino\nimble\nimble\host\src\ble_gatts_lcl.c.o' from cache
Retrieved `.pio\build\readpico\libafb\NimBLE-Arduino\nimble\nimble\host\src\ble_hs.c.o' from cache
Retrieved `.pio\build\readpico\libafb\NimBLE-Arduino\nimble\nimble\host\src\ble_hs_adv.c.o' from cache
Retrieved `.pio\build\readpico\libafb\NimBLE-Arduino\nimble\nimble\host\src\ble_hs_atomic.c.o' from cache
Retrieved `.pio\build\readpico\libafb\NimBLE-Arduino\nimble\nimble\host\src\ble_hs_cfg.c.o' from cache
Retrieved `.pio\build\readpico\libafb\NimBLE-Arduino\nimble\nimble\host\src\ble_hs_conn.c.o' from cache
Retrieved `.pio\build\readpico\libafb\NimBLE-Arduino\nimble\nimble\host\src\ble_hs_flow.c.o' from cache
Retrieved `.pio\build\readpico\libafb\NimBLE-Arduino\nimble\nimble\host\src\ble_hs_hci.c.o' from cache
Retrieved `.pio\build\readpico\libafb\NimBLE-Arduino\nimble\nimble\host\src\ble_hs_hci_cmd.c.o' from cache
Retrieved `.pio\build\readpico\libafb\NimBLE-Arduino\nimble\nimble\host\src\ble_hs_hci_evt.c.o' from cache
Retrieved `.pio\build\readpico\libafb\NimBLE-Arduino\nimble\nimble\host\src\ble_hs_hci_util.c.o' from cache
Retrieved `.pio\build\readpico\libafb\NimBLE-Arduino\nimble\nimble\host\src\ble_hs_id.c.o' from cache
Retrieved `.pio\build\readpico\libafb\NimBLE-Arduino\nimble\nimble\host\src\ble_hs_log.c.o' from cache
Retrieved `.pio\build\readpico\libafb\NimBLE-Arduino\nimble\nimble\host\src\ble_hs_mbuf.c.o' from cache
Retrieved `.pio\build\readpico\libafb\NimBLE-Arduino\nimble\nimble\host\src\ble_hs_misc.c.o' from cache
Retrieved `.pio\build\readpico\libafb\NimBLE-Arduino\nimble\nimble\host\src\ble_hs_mqueue.c.o' from cache
Retrieved `.pio\build\readpico\libafb\NimBLE-Arduino\nimble\nimble\host\src\ble_hs_periodic_sync.c.o' from cache
Retrieved `.pio\build\readpico\libafb\NimBLE-Arduino\nimble\nimble\host\src\ble_hs_pvcy.c.o' from cache
Retrieved `.pio\build\readpico\libafb\NimBLE-Arduino\nimble\nimble\host\src\ble_hs_resolv.c.o' from cache
Retrieved `.pio\build\readpico\libafb\NimBLE-Arduino\nimble\nimble\host\src\ble_hs_shutdown.c.o' from cache
Retrieved `.pio\build\readpico\libafb\NimBLE-Arduino\nimble\nimble\host\src\ble_hs_startup.c.o' from cache
Retrieved `.pio\build\readpico\libafb\NimBLE-Arduino\nimble\nimble\host\src\ble_hs_stop.c.o' from cache
Retrieved `.pio\build\readpico\libafb\NimBLE-Arduino\nimble\nimble\host\src\ble_ibeacon.c.o' from cache
Retrieved `.pio\build\readpico\libafb\NimBLE-Arduino\nimble\nimble\host\src\ble_l2cap.c.o' from cache
Retrieved `.pio\build\readpico\libafb\NimBLE-Arduino\nimble\nimble\host\src\ble_l2cap_coc.c.o' from cache
Retrieved `.pio\build\readpico\libafb\NimBLE-Arduino\nimble\nimble\host\src\ble_l2cap_sig.c.o' from cache
Retrieved `.pio\build\readpico\libafb\NimBLE-Arduino\nimble\nimble\host\src\ble_l2cap_sig_cmd.c.o' from cache
Retrieved `.pio\build\readpico\libafb\NimBLE-Arduino\nimble\nimble\host\src\ble_sm.c.o' from cache
Retrieved `.pio\build\readpico\libafb\NimBLE-Arduino\nimble\nimble\host\src\ble_sm_alg.c.o' from cache
Retrieved `.pio\build\readpico\libafb\NimBLE-Arduino\nimble\nimble\host\src\ble_sm_cmd.c.o' from cache
Retrieved `.pio\build\readpico\libafb\NimBLE-Arduino\nimble\nimble\host\src\ble_sm_lgcy.c.o' from cache
Retrieved `.pio\build\readpico\libafb\NimBLE-Arduino\nimble\nimble\host\src\ble_sm_sc.c.o' from cache
Retrieved `.pio\build\readpico\libafb\NimBLE-Arduino\nimble\nimble\host\src\ble_store.c.o' from cache
Retrieved `.pio\build\readpico\libafb\NimBLE-Arduino\nimble\nimble\host\src\ble_store_util.c.o' from cache
Retrieved `.pio\build\readpico\libafb\NimBLE-Arduino\nimble\nimble\host\src\ble_uuid.c.o' from cache
Retrieved `.pio\build\readpico\libafb\NimBLE-Arduino\nimble\nimble\host\store\config\src\ble_store_config.c.o' from cache
Retrieved `.pio\build\readpico\libafb\NimBLE-Arduino\nimble\nimble\host\store\config\src\ble_store_config_conf.c.o' from cache
Retrieved `.pio\build\readpico\libafb\NimBLE-Arduino\nimble\nimble\host\store\config\src\ble_store_nvs.c.o' from cache
Retrieved `.pio\build\readpico\libafb\NimBLE-Arduino\nimble\nimble\host\store\ram\src\ble_store_ram.c.o' from cache
Retrieved `.pio\build\readpico\libafb\NimBLE-Arduino\nimble\nimble\host\util\src\addr.c.o' from cache
Retrieved `.pio\build\readpico\libafb\NimBLE-Arduino\nimble\nimble\transport\common\hci_h4\src\hci_h4.c.o' from cache
Retrieved `.pio\build\readpico\libafb\NimBLE-Arduino\nimble\nimble\transport\common\hci_ipc\src\hci_ipc.c.o' from cache
Retrieved `.pio\build\readpico\libafb\NimBLE-Arduino\nimble\nimble\transport\esp_ipc\src\hci_esp_ipc.c.o' from cache
Retrieved `.pio\build\readpico\libafb\NimBLE-Arduino\nimble\nimble\transport\esp_ipc_legacy\src\hci_esp_ipc_legacy.c.o' from cache
Retrieved `.pio\build\readpico\libafb\NimBLE-Arduino\nimble\nimble\transport\nrf5340\src\nrf5340_ble_hci.c.o' from cache
Retrieved `.pio\build\readpico\libafb\NimBLE-Arduino\nimble\nimble\transport\src\transport.c.o' from cache
Retrieved `.pio\build\readpico\libafb\NimBLE-Arduino\nimble\porting\nimble\src\endian.c.o' from cache
Retrieved `.pio\build\readpico\libafb\NimBLE-Arduino\nimble\porting\nimble\src\hal_timer.c.o' from cache
Retrieved `.pio\build\readpico\libafb\NimBLE-Arduino\nimble\porting\nimble\src\mem.c.o' from cache
Retrieved `.pio\build\readpico\libafb\NimBLE-Arduino\nimble\porting\nimble\src\nimble_port.c.o' from cache
Retrieved `.pio\build\readpico\libafb\NimBLE-Arduino\nimble\porting\nimble\src\os_cputime.c.o' from cache
Retrieved `.pio\build\readpico\libafb\NimBLE-Arduino\nimble\porting\nimble\src\os_cputime_pwr2.c.o' from cache
Retrieved `.pio\build\readpico\libafb\NimBLE-Arduino\nimble\porting\nimble\src\os_mbuf.c.o' from cache
Retrieved `.pio\build\readpico\libafb\NimBLE-Arduino\nimble\porting\nimble\src\os_mempool.c.o' from cache
Retrieved `.pio\build\readpico\libafb\NimBLE-Arduino\nimble\porting\nimble\src\os_msys_init.c.o' from cache
Retrieved `.pio\build\readpico\libafb\NimBLE-Arduino\nimble\porting\npl\freertos\src\nimble_port_freertos.c.o' from cache
Retrieved `.pio\build\readpico\libafb\NimBLE-Arduino\nimble\porting\npl\freertos\src\npl_os_freertos.c.o' from cache
Retrieved `.pio\build\readpico\lib248\Preferences\Preferences.cpp.o' from cache
Retrieved `.pio\build\readpico\ble-compat\BleKeyboardHost.cpp' from cache
Retrieved `.pio\build\readpico\libf84\BleKeyboardHost\HidKeymap.cpp.o' from cache
Retrieved `.pio\build\readpico\ble-compat\BleKeyboardHost.cpp.o' from cache
Retrieved `.pio\build\readpico\libcdb\Logging\Logging.cpp.o' from cache
Retrieved `.pio\build\readpico\libefb\FrontlightManager\FrontlightManager.cpp.o' from cache
Retrieved `.pio\build\readpico\lib474\Rtc\Rtc.cpp.o' from cache
Retrieved `.pio\build\readpico\lib4fe\Imu\Imu.cpp.o' from cache
Retrieved `.pio\build\readpico\lib2fe\Network\NetworkClient.cpp.o' from cache
Retrieved `.pio\build\readpico\lib2fe\Network\NetworkEvents.cpp.o' from cache
Retrieved `.pio\build\readpico\lib2fe\Network\NetworkInterface.cpp.o' from cache
Retrieved `.pio\build\readpico\lib2fe\Network\NetworkManager.cpp.o' from cache
Retrieved `.pio\build\readpico\lib2fe\Network\NetworkServer.cpp.o' from cache
Retrieved `.pio\build\readpico\lib2fe\Network\NetworkUdp.cpp.o' from cache
Retrieved `.pio\build\readpico\lib958\WiFi\AP.cpp.o' from cache
Retrieved `.pio\build\readpico\lib958\WiFi\STA.cpp.o' from cache
Retrieved `.pio\build\readpico\lib958\WiFi\WiFi.cpp.o' from cache
Retrieved `.pio\build\readpico\lib958\WiFi\WiFiAP.cpp.o' from cache
Retrieved `.pio\build\readpico\lib958\WiFi\WiFiGeneric.cpp.o' from cache
Retrieved `.pio\build\readpico\lib958\WiFi\WiFiMulti.cpp.o' from cache
Retrieved `.pio\build\readpico\lib958\WiFi\WiFiSTA.cpp.o' from cache
Retrieved `.pio\build\readpico\lib958\WiFi\WiFiScan.cpp.o' from cache
Retrieved `.pio\build\readpico\lib6f4\PNGdec\PNGdec.cpp.o' from cache
Retrieved `.pio\build\readpico\lib6f4\PNGdec\adler32.c.o' from cache
Retrieved `.pio\build\readpico\lib6f4\PNGdec\crc32.c.o' from cache
Retrieved `.pio\build\readpico\lib6f4\PNGdec\infback.c.o' from cache
Retrieved `.pio\build\readpico\lib6f4\PNGdec\inffast.c.o' from cache
Retrieved `.pio\build\readpico\lib6f4\PNGdec\inflate.c.o' from cache
Retrieved `.pio\build\readpico\lib6f4\PNGdec\inftrees.c.o' from cache
Retrieved `.pio\build\readpico\lib6f4\PNGdec\s3_simd_rgb565.S.o' from cache
Retrieved `.pio\build\readpico\lib6f4\PNGdec\zutil.c.o' from cache
Retrieved `.pio\build\readpico\lib1ec\FS\FS.cpp.o' from cache
Retrieved `.pio\build\readpico\lib1ec\FS\vfs_api.cpp.o' from cache
Retrieved `.pio\build\readpico\lib88b\Arduino-wolfSSL\src\bio.c.o' from cache
Retrieved `.pio\build\readpico\lib88b\Arduino-wolfSSL\src\conf.c.o' from cache
Retrieved `.pio\build\readpico\lib88b\Arduino-wolfSSL\src\crl.c.o' from cache
Retrieved `.pio\build\readpico\lib88b\Arduino-wolfSSL\src\dtls.c.o' from cache
Retrieved `.pio\build\readpico\lib88b\Arduino-wolfSSL\src\dtls13.c.o' from cache
Retrieved `.pio\build\readpico\lib88b\Arduino-wolfSSL\src\internal.c.o' from cache
Retrieved `.pio\build\readpico\lib88b\Arduino-wolfSSL\src\keys.c.o' from cache
Retrieved `.pio\build\readpico\lib88b\Arduino-wolfSSL\src\ocsp.c.o' from cache
Retrieved `.pio\build\readpico\lib88b\Arduino-wolfSSL\src\pk.c.o' from cache
Retrieved `.pio\build\readpico\lib88b\Arduino-wolfSSL\src\quic.c.o' from cache
Retrieved `.pio\build\readpico\lib88b\Arduino-wolfSSL\src\sniffer.c.o' from cache
Retrieved `.pio\build\readpico\lib88b\Arduino-wolfSSL\src\ssl.c.o' from cache
Retrieved `.pio\build\readpico\lib88b\Arduino-wolfSSL\src\ssl_asn1.c.o' from cache
Retrieved `.pio\build\readpico\lib88b\Arduino-wolfSSL\src\ssl_bn.c.o' from cache
Retrieved `.pio\build\readpico\lib88b\Arduino-wolfSSL\src\ssl_certman.c.o' from cache
Retrieved `.pio\build\readpico\lib88b\Arduino-wolfSSL\src\ssl_crypto.c.o' from cache
Retrieved `.pio\build\readpico\lib88b\Arduino-wolfSSL\src\ssl_load.c.o' from cache
Retrieved `.pio\build\readpico\lib88b\Arduino-wolfSSL\src\ssl_misc.c.o' from cache
Retrieved `.pio\build\readpico\lib88b\Arduino-wolfSSL\src\ssl_p7p12.c.o' from cache
Retrieved `.pio\build\readpico\lib88b\Arduino-wolfSSL\src\ssl_sess.c.o' from cache
Retrieved `.pio\build\readpico\lib88b\Arduino-wolfSSL\src\tls.c.o' from cache
Retrieved `.pio\build\readpico\lib88b\Arduino-wolfSSL\src\tls13.c.o' from cache
Retrieved `.pio\build\readpico\lib88b\Arduino-wolfSSL\src\wolfio.c.o' from cache
Retrieved `.pio\build\readpico\lib88b\Arduino-wolfSSL\src\x509.c.o' from cache
Retrieved `.pio\build\readpico\lib88b\Arduino-wolfSSL\src\x509_str.c.o' from cache
Retrieved `.pio\build\readpico\lib88b\Arduino-wolfSSL\wolfcrypt\src\aes.c.o' from cache
Retrieved `.pio\build\readpico\lib88b\Arduino-wolfSSL\wolfcrypt\src\arc4.c.o' from cache
Retrieved `.pio\build\readpico\lib88b\Arduino-wolfSSL\wolfcrypt\src\asm.c.o' from cache
Retrieved `.pio\build\readpico\lib88b\Arduino-wolfSSL\wolfcrypt\src\asn.c.o' from cache
Retrieved `.pio\build\readpico\lib88b\Arduino-wolfSSL\wolfcrypt\src\async.c.o' from cache
Retrieved `.pio\build\readpico\lib88b\Arduino-wolfSSL\wolfcrypt\src\bio.c.o' from cache
Retrieved `.pio\build\readpico\lib88b\Arduino-wolfSSL\wolfcrypt\src\blake2b.c.o' from cache
Retrieved `.pio\build\readpico\lib88b\Arduino-wolfSSL\wolfcrypt\src\blake2s.c.o' from cache
Retrieved `.pio\build\readpico\lib88b\Arduino-wolfSSL\wolfcrypt\src\camellia.c.o' from cache
Retrieved `.pio\build\readpico\lib88b\Arduino-wolfSSL\wolfcrypt\src\chacha.c.o' from cache
Retrieved `.pio\build\readpico\lib88b\Arduino-wolfSSL\wolfcrypt\src\chacha20_poly1305.c.o' from cache
Retrieved `.pio\build\readpico\lib88b\Arduino-wolfSSL\wolfcrypt\src\cmac.c.o' from cache
Retrieved `.pio\build\readpico\lib88b\Arduino-wolfSSL\wolfcrypt\src\coding.c.o' from cache
Retrieved `.pio\build\readpico\lib88b\Arduino-wolfSSL\wolfcrypt\src\compress.c.o' from cache
Retrieved `.pio\build\readpico\lib88b\Arduino-wolfSSL\wolfcrypt\src\cpuid.c.o' from cache
Retrieved `.pio\build\readpico\lib88b\Arduino-wolfSSL\wolfcrypt\src\cryptocb.c.o' from cache
Retrieved `.pio\build\readpico\lib88b\Arduino-wolfSSL\wolfcrypt\src\curve25519.c.o' from cache
Retrieved `.pio\build\readpico\lib88b\Arduino-wolfSSL\wolfcrypt\src\curve448.c.o' from cache
Retrieved `.pio\build\readpico\lib88b\Arduino-wolfSSL\wolfcrypt\src\des3.c.o' from cache
Retrieved `.pio\build\readpico\lib88b\Arduino-wolfSSL\wolfcrypt\src\dh.c.o' from cache
Retrieved `.pio\build\readpico\lib88b\Arduino-wolfSSL\wolfcrypt\src\dilithium.c.o' from cache
Retrieved `.pio\build\readpico\lib88b\Arduino-wolfSSL\wolfcrypt\src\dsa.c.o' from cache
Retrieved `.pio\build\readpico\lib88b\Arduino-wolfSSL\wolfcrypt\src\ecc.c.o' from cache
Retrieved `.pio\build\readpico\lib88b\Arduino-wolfSSL\wolfcrypt\src\ecc_fp.c.o' from cache
Retrieved `.pio\build\readpico\lib88b\Arduino-wolfSSL\wolfcrypt\src\eccsi.c.o' from cache
Retrieved `.pio\build\readpico\lib88b\Arduino-wolfSSL\wolfcrypt\src\ed25519.c.o' from cache
Retrieved `.pio\build\readpico\lib88b\Arduino-wolfSSL\wolfcrypt\src\ed448.c.o' from cache
Retrieved `.pio\build\readpico\lib88b\Arduino-wolfSSL\wolfcrypt\src\error.c.o' from cache
Retrieved `.pio\build\readpico\lib88b\Arduino-wolfSSL\wolfcrypt\src\evp.c.o' from cache
Retrieved `.pio\build\readpico\lib88b\Arduino-wolfSSL\wolfcrypt\src\ext_kyber.c.o' from cache
Retrieved `.pio\build\readpico\lib88b\Arduino-wolfSSL\wolfcrypt\src\ext_lms.c.o' from cache
Retrieved `.pio\build\readpico\lib88b\Arduino-wolfSSL\wolfcrypt\src\ext_xmss.c.o' from cache
Retrieved `.pio\build\readpico\lib88b\Arduino-wolfSSL\wolfcrypt\src\falcon.c.o' from cache
Retrieved `.pio\build\readpico\lib88b\Arduino-wolfSSL\wolfcrypt\src\fe_448.c.o' from cache
Retrieved `.pio\build\readpico\lib88b\Arduino-wolfSSL\wolfcrypt\src\fe_low_mem.c.o' from cache
Retrieved `.pio\build\readpico\lib88b\Arduino-wolfSSL\wolfcrypt\src\fe_operations.c.o' from cache
Retrieved `.pio\build\readpico\lib88b\Arduino-wolfSSL\wolfcrypt\src\fips.c.o' from cache
Retrieved `.pio\build\readpico\lib88b\Arduino-wolfSSL\wolfcrypt\src\fips_test.c.o' from cache
Retrieved `.pio\build\readpico\lib88b\Arduino-wolfSSL\wolfcrypt\src\ge_448.c.o' from cache
Retrieved `.pio\build\readpico\lib88b\Arduino-wolfSSL\wolfcrypt\src\ge_low_mem.c.o' from cache
Retrieved `.pio\build\readpico\lib88b\Arduino-wolfSSL\wolfcrypt\src\ge_operations.c.o' from cache
Retrieved `.pio\build\readpico\lib88b\Arduino-wolfSSL\wolfcrypt\src\hash.c.o' from cache
Retrieved `.pio\build\readpico\lib88b\Arduino-wolfSSL\wolfcrypt\src\hmac.c.o' from cache
Retrieved `.pio\build\readpico\lib88b\Arduino-wolfSSL\wolfcrypt\src\hpke.c.o' from cache
Retrieved `.pio\build\readpico\lib88b\Arduino-wolfSSL\wolfcrypt\src\integer.c.o' from cache
Retrieved `.pio\build\readpico\lib88b\Arduino-wolfSSL\wolfcrypt\src\kdf.c.o' from cache
Retrieved `.pio\build\readpico\lib88b\Arduino-wolfSSL\wolfcrypt\src\logging.c.o' from cache
Retrieved `.pio\build\readpico\lib88b\Arduino-wolfSSL\wolfcrypt\src\md2.c.o' from cache
Retrieved `.pio\build\readpico\lib88b\Arduino-wolfSSL\wolfcrypt\src\md4.c.o' from cache
Retrieved `.pio\build\readpico\lib88b\Arduino-wolfSSL\wolfcrypt\src\md5.c.o' from cache
Retrieved `.pio\build\readpico\lib88b\Arduino-wolfSSL\wolfcrypt\src\memory.c.o' from cache
Retrieved `.pio\build\readpico\lib88b\Arduino-wolfSSL\wolfcrypt\src\misc.c.o' from cache
Retrieved `.pio\build\readpico\lib88b\Arduino-wolfSSL\wolfcrypt\src\pkcs12.c.o' from cache
Retrieved `.pio\build\readpico\lib88b\Arduino-wolfSSL\wolfcrypt\src\pkcs7.c.o' from cache
Retrieved `.pio\build\readpico\lib88b\Arduino-wolfSSL\wolfcrypt\src\poly1305.c.o' from cache
Retrieved `.pio\build\readpico\lib88b\Arduino-wolfSSL\wolfcrypt\src\port\Espressif\esp32_aes.c.o' from cache
Retrieved `.pio\build\readpico\lib88b\Arduino-wolfSSL\wolfcrypt\src\port\Espressif\esp32_mp.c.o' from cache
Retrieved `.pio\build\readpico\lib88b\Arduino-wolfSSL\wolfcrypt\src\port\Espressif\esp32_sha.c.o' from cache
Retrieved `.pio\build\readpico\lib88b\Arduino-wolfSSL\wolfcrypt\src\port\Espressif\esp32_util.c.o' from cache
Retrieved `.pio\build\readpico\lib88b\Arduino-wolfSSL\wolfcrypt\src\port\Espressif\esp_sdk_mem_lib.c.o' from cache
Retrieved `.pio\build\readpico\lib88b\Arduino-wolfSSL\wolfcrypt\src\port\Espressif\esp_sdk_time_lib.c.o' from cache
Retrieved `.pio\build\readpico\lib88b\Arduino-wolfSSL\wolfcrypt\src\port\Espressif\esp_sdk_wifi_lib.c.o' from cache
Retrieved `.pio\build\readpico\lib88b\Arduino-wolfSSL\wolfcrypt\src\port\atmel\atmel.c.o' from cache
Retrieved `.pio\build\readpico\lib88b\Arduino-wolfSSL\wolfcrypt\src\pwdbased.c.o' from cache
Retrieved `.pio\build\readpico\lib88b\Arduino-wolfSSL\wolfcrypt\src\random.c.o' from cache
Retrieved `.pio\build\readpico\lib88b\Arduino-wolfSSL\wolfcrypt\src\rc2.c.o' from cache
Retrieved `.pio\build\readpico\lib88b\Arduino-wolfSSL\wolfcrypt\src\ripemd.c.o' from cache
Retrieved `.pio\build\readpico\lib88b\Arduino-wolfSSL\wolfcrypt\src\rsa.c.o' from cache
Retrieved `.pio\build\readpico\lib88b\Arduino-wolfSSL\wolfcrypt\src\sakke.c.o' from cache
Retrieved `.pio\build\readpico\lib88b\Arduino-wolfSSL\wolfcrypt\src\selftest.c.o' from cache
Retrieved `.pio\build\readpico\lib88b\Arduino-wolfSSL\wolfcrypt\src\sha.c.o' from cache
Retrieved `.pio\build\readpico\lib88b\Arduino-wolfSSL\wolfcrypt\src\sha256.c.o' from cache
Retrieved `.pio\build\readpico\lib88b\Arduino-wolfSSL\wolfcrypt\src\sha3.c.o' from cache
Retrieved `.pio\build\readpico\lib88b\Arduino-wolfSSL\wolfcrypt\src\sha512.c.o' from cache
Retrieved `.pio\build\readpico\lib88b\Arduino-wolfSSL\wolfcrypt\src\signature.c.o' from cache
Retrieved `.pio\build\readpico\lib88b\Arduino-wolfSSL\wolfcrypt\src\siphash.c.o' from cache
Retrieved `.pio\build\readpico\lib88b\Arduino-wolfSSL\wolfcrypt\src\sm2.c.o' from cache
Retrieved `.pio\build\readpico\lib88b\Arduino-wolfSSL\wolfcrypt\src\sm3.c.o' from cache
Retrieved `.pio\build\readpico\lib88b\Arduino-wolfSSL\wolfcrypt\src\sm4.c.o' from cache
Retrieved `.pio\build\readpico\lib88b\Arduino-wolfSSL\wolfcrypt\src\sp_arm32.c.o' from cache
Retrieved `.pio\build\readpico\lib88b\Arduino-wolfSSL\wolfcrypt\src\sp_arm64.c.o' from cache
Retrieved `.pio\build\readpico\lib88b\Arduino-wolfSSL\wolfcrypt\src\sp_armthumb.c.o' from cache
Retrieved `.pio\build\readpico\lib88b\Arduino-wolfSSL\wolfcrypt\src\sp_c32.c.o' from cache
Retrieved `.pio\build\readpico\lib88b\Arduino-wolfSSL\wolfcrypt\src\sp_c64.c.o' from cache
Retrieved `.pio\build\readpico\lib88b\Arduino-wolfSSL\wolfcrypt\src\sp_cortexm.c.o' from cache
Retrieved `.pio\build\readpico\lib88b\Arduino-wolfSSL\wolfcrypt\src\sp_dsp32.c.o' from cache
Retrieved `.pio\build\readpico\lib88b\Arduino-wolfSSL\wolfcrypt\src\sp_int.c.o' from cache
Retrieved `.pio\build\readpico\lib88b\Arduino-wolfSSL\wolfcrypt\src\sp_sm2_arm32.c.o' from cache
Retrieved `.pio\build\readpico\lib88b\Arduino-wolfSSL\wolfcrypt\src\sp_sm2_arm64.c.o' from cache
Retrieved `.pio\build\readpico\lib88b\Arduino-wolfSSL\wolfcrypt\src\sp_sm2_armthumb.c.o' from cache
Retrieved `.pio\build\readpico\lib88b\Arduino-wolfSSL\wolfcrypt\src\sp_sm2_c32.c.o' from cache
Retrieved `.pio\build\readpico\lib88b\Arduino-wolfSSL\wolfcrypt\src\sp_sm2_c64.c.o' from cache
Retrieved `.pio\build\readpico\lib88b\Arduino-wolfSSL\wolfcrypt\src\sp_sm2_cortexm.c.o' from cache
Retrieved `.pio\build\readpico\lib88b\Arduino-wolfSSL\wolfcrypt\src\sp_sm2_x86_64.c.o' from cache
Retrieved `.pio\build\readpico\lib88b\Arduino-wolfSSL\wolfcrypt\src\sp_x86_64.c.o' from cache
Retrieved `.pio\build\readpico\lib88b\Arduino-wolfSSL\wolfcrypt\src\sphincs.c.o' from cache
Retrieved `.pio\build\readpico\lib88b\Arduino-wolfSSL\wolfcrypt\src\srp.c.o' from cache
Retrieved `.pio\build\readpico\lib88b\Arduino-wolfSSL\wolfcrypt\src\tfm.c.o' from cache
Retrieved `.pio\build\readpico\lib88b\Arduino-wolfSSL\wolfcrypt\src\wc_dsp.c.o' from cache
Retrieved `.pio\build\readpico\lib88b\Arduino-wolfSSL\wolfcrypt\src\wc_encrypt.c.o' from cache
Retrieved `.pio\build\readpico\lib88b\Arduino-wolfSSL\wolfcrypt\src\wc_kyber.c.o' from cache
Retrieved `.pio\build\readpico\lib88b\Arduino-wolfSSL\wolfcrypt\src\wc_kyber_poly.c.o' from cache
Retrieved `.pio\build\readpico\lib88b\Arduino-wolfSSL\wolfcrypt\src\wc_lms.c.o' from cache
Retrieved `.pio\build\readpico\lib88b\Arduino-wolfSSL\wolfcrypt\src\wc_lms_impl.c.o' from cache
Retrieved `.pio\build\readpico\lib88b\Arduino-wolfSSL\wolfcrypt\src\wc_pkcs11.c.o' from cache
Retrieved `.pio\build\readpico\lib88b\Arduino-wolfSSL\wolfcrypt\src\wc_port.c.o' from cache
Retrieved `.pio\build\readpico\lib88b\Arduino-wolfSSL\wolfcrypt\src\wc_xmss.c.o' from cache
Retrieved `.pio\build\readpico\lib88b\Arduino-wolfSSL\wolfcrypt\src\wc_xmss_impl.c.o' from cache
Retrieved `.pio\build\readpico\lib88b\Arduino-wolfSSL\wolfcrypt\src\wolfcrypt_first.c.o' from cache
Retrieved `.pio\build\readpico\lib88b\Arduino-wolfSSL\wolfcrypt\src\wolfcrypt_last.c.o' from cache
Retrieved `.pio\build\readpico\lib88b\Arduino-wolfSSL\wolfcrypt\src\wolfevent.c.o' from cache
Retrieved `.pio\build\readpico\lib88b\Arduino-wolfSSL\wolfcrypt\src\wolfmath.c.o' from cache
Retrieved `.pio\build\readpico\lib88b\Arduino-wolfSSL\wolfssl\bio.c.o' from cache
Retrieved `.pio\build\readpico\lib88b\Arduino-wolfSSL\wolfssl\evp.c.o' from cache
Retrieved `.pio\build\readpico\lib0ce\SecureNet\SecureClient.cpp.o' from cache
Retrieved `.pio\build\readpico\lib62f\Utf8\Utf8.cpp.o' from cache
Retrieved `.pio\build\readpico\lib40e\BoardReadPico\BoardReadPico.cpp.o' from cache
Compiling .pio\build\readpico\lib40e\BoardReadPico\ReadPicoEpdiyConfig.cpp.o
Retrieved `.pio\build\readpico\lib40e\BoardReadPico\ReadPicoPower.cpp.o' from cache
Retrieved `.pio\build\readpico\lib837\Memory\BuildScratch.cpp.o' from cache
Retrieved `.pio\build\readpico\libcb2\hal\HalAudioOutput.cpp.o' from cache
Retrieved `.pio\build\readpico\libcb2\hal\HalClock.cpp.o' from cache
Retrieved `.pio\build\readpico\libcb2\hal\HalDisplay.cpp.o' from cache
Retrieved `.pio\build\readpico\libcb2\hal\HalFrontlight.cpp.o' from cache
Retrieved `.pio\build\readpico\libcb2\hal\HalGPIO.cpp.o' from cache
Retrieved `.pio\build\readpico\libcb2\hal\HalOtaSlot.cpp.o' from cache
Retrieved `.pio\build\readpico\libcb2\hal\HalPowerManager.cpp.o' from cache
Retrieved `.pio\build\readpico\libcb2\hal\HalStorage.cpp.o' from cache
Retrieved `.pio\build\readpico\libcb2\hal\HalSystem.cpp.o' from cache
Retrieved `.pio\build\readpico\libcb2\hal\HalTiltSensor.cpp.o' from cache
Retrieved `.pio\build\readpico\libcb2\hal\Waveshare397Power.cpp.o' from cache
Retrieved `.pio\build\readpico\lib350\uzlib\tinflate.c.o' from cache
Retrieved `.pio\build\readpico\lib3d1\InflateReader\InflateReader.cpp.o' from cache
Retrieved `.pio\build\readpico\lib343\MiniBidi\BidiUtils.cpp.o' from cache
Retrieved `.pio\build\readpico\lib343\MiniBidi\minibidi.c.o' from cache
Retrieved `.pio\build\readpico\lib7f0\EpdFont\EpdFont.cpp.o' from cache
Retrieved `.pio\build\readpico\lib7f0\EpdFont\EpdFontFamily.cpp.o' from cache
Retrieved `.pio\build\readpico\lib7f0\EpdFont\FontDecompressor.cpp.o' from cache
Retrieved `.pio\build\readpico\lib7f0\EpdFont\SdCardFont.cpp.o' from cache
Retrieved `.pio\build\readpico\lib7f0\EpdFont\SdCardFontCache.cpp.o' from cache
Retrieved `.pio\build\readpico\lib7f0\EpdFont\SdCardFontManager.cpp.o' from cache
Retrieved `.pio\build\readpico\lib7f0\EpdFont\SdCardFontRegistry.cpp.o' from cache
Retrieved `.pio\build\readpico\lib122\GfxRenderer\Bitmap.cpp.o' from cache
Retrieved `.pio\build\readpico\lib122\GfxRenderer\BitmapHelpers.cpp.o' from cache
Retrieved `.pio\build\readpico\lib122\GfxRenderer\FontCacheManager.cpp.o' from cache
Retrieved `.pio\build\readpico\lib122\GfxRenderer\GfxRenderer.cpp.o' from cache
Retrieved `.pio\build\readpico\lib762\FreeInkUI\FreeInkUI.cpp.o' from cache
Retrieved `.pio\build\readpico\libf76\QRCode\qrcode.c.o' from cache
Retrieved `.pio\build\readpico\lib713\JPEGDEC\JPEGDEC.cpp.o' from cache
Retrieved `.pio\build\readpico\lib713\JPEGDEC\s3_simd_420.S.o' from cache
Retrieved `.pio\build\readpico\lib713\JPEGDEC\s3_simd_444.S.o' from cache
Retrieved `.pio\build\readpico\lib713\JPEGDEC\s3_simd_dequant.S.o' from cache
Retrieved `.pio\build\readpico\lib9b2\Ethernet\ETH.cpp.o' from cache
Retrieved `.pio\build\readpico\libe29\NetworkClientSecure\NetworkClientSecure.cpp.o' from cache
Retrieved `.pio\build\readpico\libe29\NetworkClientSecure\ssl_client.cpp.o' from cache
Retrieved `.pio\build\readpico\libef2\WebSockets\SocketIOclient.cpp.o' from cache
Retrieved `.pio\build\readpico\libef2\WebSockets\WebSockets.cpp.o' from cache
Retrieved `.pio\build\readpico\libef2\WebSockets\WebSocketsClient.cpp.o' from cache
Retrieved `.pio\build\readpico\libef2\WebSockets\WebSocketsServer.cpp.o' from cache
Retrieved `.pio\build\readpico\libef2\WebSockets\libb64\cdecode.c.o' from cache
Retrieved `.pio\build\readpico\libef2\WebSockets\libb64\cencode.c.o' from cache
Retrieved `.pio\build\readpico\libef2\WebSockets\libsha1\libsha1.c.o' from cache
Retrieved `.pio\build\readpico\lib160\PubSubClient\PubSubClient.cpp.o' from cache
Retrieved `.pio\build\readpico\lib47e\I18n\I18n.cpp.o' from cache
Retrieved `.pio\build\readpico\lib47e\I18n\I18nStrings.cpp.o' from cache
Retrieved `.pio\build\readpico\libf73\Serialization\ObfuscationUtils.cpp.o' from cache
Retrieved `.pio\build\readpico\libf73\Serialization\PersistableStore.cpp.o' from cache
Retrieved `.pio\build\readpico\lib23e\FsHelpers\FsHelpers.cpp.o' from cache
Retrieved `.pio\build\readpico\libb64\miniz\InflateStream.cpp.o' from cache
Retrieved `.pio\build\readpico\libb64\miniz\miniz_impl.c.o' from cache
Retrieved `.pio\build\readpico\lib538\ZipFile\ZipFile.cpp.o' from cache
Retrieved `.pio\build\readpico\lib0f3\expat\xmlparse.c.o' from cache
Retrieved `.pio\build\readpico\lib0f3\expat\xmlrole.c.o' from cache
Retrieved `.pio\build\readpico\lib0f3\expat\xmltok.c.o' from cache
Retrieved `.pio\build\readpico\lib8b6\JpegToBmpConverter\JpegToBmpConverter.cpp.o' from cache
Retrieved `.pio\build\readpico\lib031\PngToBmpConverter\PngToBmpConverter.cpp.o' from cache
Retrieved `.pio\build\readpico\lib85b\Epub\Epub.cpp.o' from cache
Retrieved `.pio\build\readpico\lib85b\Epub\Epub\BookMetadataCache.cpp.o' from cache
Retrieved `.pio\build\readpico\lib85b\Epub\Epub\Page.cpp.o' from cache
Retrieved `.pio\build\readpico\lib85b\Epub\Epub\ParsedText.cpp.o' from cache
Retrieved `.pio\build\readpico\lib85b\Epub\Epub\Section.cpp.o' from cache
Retrieved `.pio\build\readpico\lib85b\Epub\Epub\blocks\ImageBlock.cpp.o' from cache
Retrieved `.pio\build\readpico\lib85b\Epub\Epub\blocks\TextBlock.cpp.o' from cache
Retrieved `.pio\build\readpico\lib85b\Epub\Epub\converters\ImageDecoderFactory.cpp.o' from cache
Retrieved `.pio\build\readpico\lib85b\Epub\Epub\converters\ImageDimsProbe.cpp.o' from cache
Retrieved `.pio\build\readpico\lib85b\Epub\Epub\converters\ImageToFramebufferDecoder.cpp.o' from cache
Retrieved `.pio\build\readpico\lib85b\Epub\Epub\converters\JpegToFramebufferConverter.cpp.o' from cache
Retrieved `.pio\build\readpico\lib85b\Epub\Epub\converters\PngToFramebufferConverter.cpp.o' from cache
Retrieved `.pio\build\readpico\lib85b\Epub\Epub\css\CssParser.cpp.o' from cache
Retrieved `.pio\build\readpico\lib85b\Epub\Epub\htmlEntities.cpp.o' from cache
Retrieved `.pio\build\readpico\lib85b\Epub\Epub\hyphenation\HyphenationCommon.cpp.o' from cache
Retrieved `.pio\build\readpico\lib85b\Epub\Epub\hyphenation\Hyphenator.cpp.o' from cache
Retrieved `.pio\build\readpico\lib85b\Epub\Epub\hyphenation\LanguageRegistry.cpp.o' from cache
Retrieved `.pio\build\readpico\lib85b\Epub\Epub\hyphenation\LiangHyphenation.cpp.o' from cache
Retrieved `.pio\build\readpico\lib85b\Epub\Epub\parsers\ChapterHtmlSlimParser.cpp.o' from cache
Retrieved `.pio\build\readpico\lib85b\Epub\Epub\parsers\ContainerParser.cpp.o' from cache
Retrieved `.pio\build\readpico\lib85b\Epub\Epub\parsers\ContentOpfParser.cpp.o' from cache
Retrieved `.pio\build\readpico\lib85b\Epub\Epub\parsers\TocNavParser.cpp.o' from cache
Retrieved `.pio\build\readpico\lib85b\Epub\Epub\parsers\TocNcxParser.cpp.o' from cache
Retrieved `.pio\build\readpico\lib6cd\Xtc\Xtc.cpp.o' from cache
Retrieved `.pio\build\readpico\lib6cd\Xtc\Xtc\XtcParser.cpp.o' from cache
Retrieved `.pio\build\readpico\libeb1\AvatarGen\AvatarGen.cpp.o' from cache
Retrieved `.pio\build\readpico\libeb1\AvatarGen\AvatarGenerator.cpp.o' from cache
Retrieved `.pio\build\readpico\libeb1\AvatarGen\Bezier.cpp.o' from cache
Retrieved `.pio\build\readpico\libeb1\AvatarGen\EyeShape.cpp.o' from cache
Retrieved `.pio\build\readpico\libeb1\AvatarGen\FaceShape.cpp.o' from cache
Retrieved `.pio\build\readpico\libeb1\AvatarGen\HairLines.cpp.o' from cache
Retrieved `.pio\build\readpico\libeb1\AvatarGen\MouthShape.cpp.o' from cache
Retrieved `.pio\build\readpico\libeb1\AvatarGen\Nose.cpp.o' from cache
Retrieved `.pio\build\readpico\libeb1\AvatarGen\Render.cpp.o' from cache
Retrieved `.pio\build\readpico\lib367\Txt\Txt.cpp.o' from cache
Retrieved `.pio\build\readpico\lib367\Txt\TxtChapterIndex.cpp.o' from cache
Retrieved `.pio\build\readpico\lib367\Txt\TxtEncoding.cpp.o' from cache
Retrieved `.pio\build\readpico\lib2f8\KOReaderSync\ChapterXPathResolver.cpp.o' from cache
Retrieved `.pio\build\readpico\lib2f8\KOReaderSync\KOReaderCredentialStore.cpp.o' from cache
Retrieved `.pio\build\readpico\lib2f8\KOReaderSync\KOReaderDocumentId.cpp.o' from cache
Retrieved `.pio\build\readpico\lib2f8\KOReaderSync\KOReaderSyncClient.cpp.o' from cache
Retrieved `.pio\build\readpico\lib2f8\KOReaderSync\ProgressMapper.cpp.o' from cache
Retrieved `.pio\build\readpico\libd15\JsonParser\ReleaseJsonParser.cpp.o' from cache
Retrieved `.pio\build\readpico\libd15\JsonParser\StreamingJsonParser.cpp.o' from cache
Retrieved `.pio\build\readpico\lib0c7\WeReadWebApi\WeReadBrowse.cpp.o' from cache
Retrieved `.pio\build\readpico\lib0c7\WeReadWebApi\WeReadClient.cpp.o' from cache
Retrieved `.pio\build\readpico\lib0c7\WeReadWebApi\WeReadHttpClient.cpp.o' from cache
Retrieved `.pio\build\readpico\lib0c7\WeReadWebApi\WeReadProtocol.cpp.o' from cache
Retrieved `.pio\build\readpico\lib0c7\WeReadWebApi\WeReadStore.cpp.o' from cache
Retrieved `.pio\build\readpico\lib0c7\WeReadWebApi\WeReadXhtmlCodec.cpp.o' from cache
Retrieved `.pio\build\readpico\libd7e\OpdsParser\OpdsParser.cpp.o' from cache
Retrieved `.pio\build\readpico\libd7e\OpdsParser\OpdsStream.cpp.o' from cache
Retrieved `.pio\build\readpico\libc70\ESPmDNS\ESPmDNS.cpp.o' from cache
Retrieved `.pio\build\readpico\lib681\AsyncUDP\AsyncUDP.cpp.o' from cache
Retrieved `.pio\build\readpico\lib92f\DNSServer\DNSServer.cpp.o' from cache
Retrieved `.pio\build\readpico\lib764\SoundFeedback\SoundFeedback.cpp.o' from cache
Retrieved `.pio\build\readpico\libe89\SloppyDigits\SloppyDigitAlphabets.cpp.o' from cache
Retrieved `.pio\build\readpico\libe89\SloppyDigits\SloppyDigits.cpp.o' from cache
Retrieved `.pio\build\readpico\lib16e\Hash\PBKDF2_HMACBuilder.cpp.o' from cache
Retrieved `.pio\build\readpico\lib16e\Hash\SHA1Builder.cpp.o' from cache
Retrieved `.pio\build\readpico\lib16e\Hash\SHA2Builder.cpp.o' from cache
Retrieved `.pio\build\readpico\lib16e\Hash\SHA3Builder.cpp.o' from cache
Retrieved `.pio\build\readpico\lib610\WebServer\Parsing.cpp.o' from cache
Retrieved `.pio\build\readpico\lib610\WebServer\WebServer.cpp.o' from cache
Retrieved `.pio\build\readpico\lib610\WebServer\detail\mimetable.cpp.o' from cache
Retrieved `.pio\build\readpico\lib610\WebServer\middleware\AuthenticationMiddleware.cpp.o' from cache
Retrieved `.pio\build\readpico\lib610\WebServer\middleware\CorsMiddleware.cpp.o' from cache
Retrieved `.pio\build\readpico\lib610\WebServer\middleware\LoggingMiddleware.cpp.o' from cache
Retrieved `.pio\build\readpico\lib610\WebServer\middleware\MiddlewareChain.cpp.o' from cache
Retrieved `.pio\build\readpico\src\AchievementsStore.cpp.o' from cache
Retrieved `.pio\build\readpico\src\BleInput.cpp.o' from cache
Retrieved `.pio\build\readpico\src\CrossPointSettings.cpp.o' from cache
Retrieved `.pio\build\readpico\src\CrossPointState.cpp.o' from cache
Retrieved `.pio\build\readpico\src\FontInstaller.cpp.o' from cache
Retrieved `.pio\build\readpico\src\JsonSettingsIO.cpp.o' from cache
Retrieved `.pio\build\readpico\src\MappedInputManager.cpp.o' from cache
Retrieved `.pio\build\readpico\src\NetworkStartup.cpp.o' from cache
Retrieved `.pio\build\readpico\src\OpdsServerStore.cpp.o' from cache
Retrieved `.pio\build\readpico\src\ReaderFontSizes.cpp.o' from cache
Retrieved `.pio\build\readpico\src\ReadingStatsStore.cpp.o' from cache
Retrieved `.pio\build\readpico\src\RecentBooksStore.cpp.o' from cache
Retrieved `.pio\build\readpico\src\SdCardFontSystem.cpp.o' from cache
Retrieved `.pio\build\readpico\src\WifiCredentialStore.cpp.o' from cache
Retrieved `.pio\build\readpico\src\activities\Activity.cpp.o' from cache
Retrieved `.pio\build\readpico\src\activities\ActivityManager.cpp.o' from cache
Retrieved `.pio\build\readpico\src\activities\UiListActivity.cpp.o' from cache
Retrieved `.pio\build\readpico\src\activities\UiTabListActivity.cpp.o' from cache
Retrieved `.pio\build\readpico\src\activities\apps\2048\Game2048Activity.cpp.o' from cache
Retrieved `.pio\build\readpico\src\activities\apps\2048\Game2048Board.cpp.o' from cache
Retrieved `.pio\build\readpico\src\activities\apps\2048\Game2048Store.cpp.o' from cache
Retrieved `.pio\build\readpico\src\activities\apps\AppsMenuActivity.cpp.o' from cache
Retrieved `.pio\build\readpico\src\activities\apps\GameUi.cpp.o' from cache
Retrieved `.pio\build\readpico\src\activities\apps\airpage\AirPageActivity.cpp.o' from cache
Retrieved `.pio\build\readpico\src\activities\apps\airpage\AirPageConnection.cpp.o' from cache
Retrieved `.pio\build\readpico\src\activities\apps\airpage\AirPageDeviceId.cpp.o' from cache
Retrieved `.pio\build\readpico\src\activities\apps\airpage\AirPageImageRenderer.cpp.o' from cache
Retrieved `.pio\build\readpico\src\activities\apps\airpage\AirPageImageStore.cpp.o' from cache
Retrieved `.pio\build\readpico\src\activities\apps\airpage\AirPageWallpaper.cpp.o' from cache
Retrieved `.pio\build\readpico\src\activities\apps\avatar\UglyAvatarActivity.cpp.o' from cache
Retrieved `.pio\build\readpico\src\activities\apps\buddy\BuddyActivity.cpp.o' from cache
Retrieved `.pio\build\readpico\src\activities\apps\buddy\BuddyGenerator.cpp.o' from cache
Retrieved `.pio\build\readpico\src\activities\apps\calculator\CalculatorActivity.cpp.o' from cache
Retrieved `.pio\build\readpico\src\activities\apps\calculator\CalculatorState.cpp.o' from cache
Retrieved `.pio\build\readpico\src\activities\apps\chinese-chess\ChineseChessAI.cpp.o' from cache
Retrieved `.pio\build\readpico\src\activities\apps\chinese-chess\ChineseChessBoard.cpp.o' from cache
Retrieved `.pio\build\readpico\src\activities\apps\chinese-chess\ChineseChessGameActivity.cpp.o' from cache
Retrieved `.pio\build\readpico\src\activities\apps\chinese-chess\ChineseChessMenuActivity.cpp.o' from cache
Retrieved `.pio\build\readpico\src\activities\apps\chinese-chess\ChineseChessStore.cpp.o' from cache
Retrieved `.pio\build\readpico\src\activities\apps\gomoku\GomokuAI.cpp.o' from cache
Retrieved `.pio\build\readpico\src\activities\apps\gomoku\GomokuBoard.cpp.o' from cache
Retrieved `.pio\build\readpico\src\activities\apps\gomoku\GomokuGameActivity.cpp.o' from cache
Retrieved `.pio\build\readpico\src\activities\apps\gomoku\GomokuMenuActivity.cpp.o' from cache
Retrieved `.pio\build\readpico\src\activities\apps\gomoku\GomokuStore.cpp.o' from cache
Retrieved `.pio\build\readpico\src\activities\apps\minesweeper\MinesweeperBoard.cpp.o' from cache
Retrieved `.pio\build\readpico\src\activities\apps\minesweeper\MinesweeperGameActivity.cpp.o' from cache
Retrieved `.pio\build\readpico\src\activities\apps\minesweeper\MinesweeperGenerator.cpp.o' from cache
Retrieved `.pio\build\readpico\src\activities\apps\minesweeper\MinesweeperMenuActivity.cpp.o' from cache
Retrieved `.pio\build\readpico\src\activities\apps\minesweeper\MinesweeperStore.cpp.o' from cache
Retrieved `.pio\build\readpico\src\activities\apps\pixel-switch\PixelSwitchActivity.cpp.o' from cache
Retrieved `.pio\build\readpico\src\activities\apps\pixel-switch\PixelSwitchState.cpp.o' from cache
Retrieved `.pio\build\readpico\src\activities\apps\reading-stats\AchievementsActivity.cpp.o' from cache
Retrieved `.pio\build\readpico\src\activities\apps\reading-stats\AppMetricCard.cpp.o' from cache
Retrieved `.pio\build\readpico\src\activities\apps\reading-stats\BookReadingAdjustmentActivity.cpp.o' from cache
Retrieved `.pio\build\readpico\src\activities\apps\reading-stats\ReadingDateSelectionActivity.cpp.o' from cache
Retrieved `.pio\build\readpico\src\activities\apps\reading-stats\ReadingDayDetailActivity.cpp.o' from cache
Retrieved `.pio\build\readpico\src\activities\apps\reading-stats\ReadingHeatmapActivity.cpp.o' from cache
Retrieved `.pio\build\readpico\src\activities\apps\reading-stats\ReadingProfileActivity.cpp.o' from cache
Retrieved `.pio\build\readpico\src\activities\apps\reading-stats\ReadingStatsActivity.cpp.o' from cache
Retrieved `.pio\build\readpico\src\activities\apps\reading-stats\ReadingStatsDetailActivity.cpp.o' from cache
Retrieved `.pio\build\readpico\src\activities\apps\reading-stats\ReadingStatsExtendedActivity.cpp.o' from cache
Retrieved `.pio\build\readpico\src\activities\apps\reading-stats\ReadingStatsMenuActivity.cpp.o' from cache
Retrieved `.pio\build\readpico\src\activities\apps\sokoban\SokobanBoard.cpp.o' from cache
Retrieved `.pio\build\readpico\src\activities\apps\sokoban\SokobanGameActivity.cpp.o' from cache
Retrieved `.pio\build\readpico\src\activities\apps\sokoban\SokobanStore.cpp.o' from cache
Retrieved `.pio\build\readpico\src\activities\apps\standby\ChineseAlmanac.cpp.o' from cache
Retrieved `.pio\build\readpico\src\activities\apps\standby\ChineseCalendarFace.cpp.o' from cache
Retrieved `.pio\build\readpico\src\activities\apps\standby\SloppyClockFace.cpp.o' from cache
Retrieved `.pio\build\readpico\src\activities\apps\standby\StandbyActivity.cpp.o' from cache
Retrieved `.pio\build\readpico\src\activities\apps\standby\StandbyTime.cpp.o' from cache
Retrieved `.pio\build\readpico\src\activities\apps\sudoku\SudokuBoard.cpp.o' from cache
Retrieved `.pio\build\readpico\src\activities\apps\sudoku\SudokuGameActivity.cpp.o' from cache
Retrieved `.pio\build\readpico\src\activities\apps\sudoku\SudokuGenerator.cpp.o' from cache
Retrieved `.pio\build\readpico\src\activities\apps\sudoku\SudokuMenuActivity.cpp.o' from cache
Retrieved `.pio\build\readpico\src\activities\apps\sudoku\SudokuStore.cpp.o' from cache
Retrieved `.pio\build\readpico\src\activities\apps\weread\webapi\WeReadActivity.cpp.o' from cache
Retrieved `.pio\build\readpico\src\activities\apps\weread\webapi\WeReadBrowseActivity.cpp.o' from cache
Compiling .pio\build\readpico\src\activities\apps\weread\webapi\WeReadProgressSyncActivity.cpp.o
Retrieved `.pio\build\readpico\src\activities\apps\woodfish\WoodfishActivity.cpp.o' from cache
Retrieved `.pio\build\readpico\src\activities\apps\woodfish\WoodfishStore.cpp.o' from cache
Retrieved `.pio\build\readpico\src\activities\boot_sleep\BootActivity.cpp.o' from cache
Compiling .pio\build\readpico\src\activities\boot_sleep\SleepActivity.cpp.o
Retrieved `.pio\build\readpico\src\activities\browser\OpdsBookBrowserActivity.cpp.o' from cache
Retrieved `.pio\build\readpico\src\activities\home\CrashActivity.cpp.o' from cache
Retrieved `.pio\build\readpico\src\activities\home\FileBrowserActivity.cpp.o' from cache
Retrieved `.pio\build\readpico\src\activities\home\HomeActivity.cpp.o' from cache
Retrieved `.pio\build\readpico\src\activities\home\InxRecentActivity.cpp.o' from cache
Retrieved `.pio\build\readpico\src\activities\home\RecentBooksActivity.cpp.o' from cache
Retrieved `.pio\build\readpico\src\activities\network\CalibreConnectActivity.cpp.o' from cache
Retrieved `.pio\build\readpico\src\activities\network\CrossPointWebServerActivity.cpp.o' from cache
Retrieved `.pio\build\readpico\src\activities\network\NetworkModeSelectionActivity.cpp.o' from cache
Retrieved `.pio\build\readpico\src\activities\network\UsbDriveActivity.cpp.o' from cache
Retrieved `.pio\build\readpico\src\activities\network\WifiSelectionActivity.cpp.o' from cache
Retrieved `.pio\build\readpico\src\activities\reader\DictionaryDefinitionActivity.cpp.o' from cache
Retrieved `.pio\build\readpico\src\activities\reader\DictionaryWordSelectActivity.cpp.o' from cache
Compiling .pio\build\readpico\src\activities\reader\EndOfBookOptions.cpp.o
Compiling .pio\build\readpico\src\activities\reader\EpubReaderActivity.cpp.o
Retrieved `.pio\build\readpico\src\activities\reader\EpubReaderBookmarksActivity.cpp.o' from cache
Retrieved `.pio\build\readpico\src\activities\reader\EpubReaderChapterSelectionActivity.cpp.o' from cache
Retrieved `.pio\build\readpico\src\activities\reader\EpubReaderFootnotesActivity.cpp.o' from cache
Compiling .pio\build\readpico\src\activities\reader\EpubReaderMenuActivity.cpp.o
Retrieved `.pio\build\readpico\src\activities\reader\EpubReaderPercentSelectionActivity.cpp.o' from cache
Compiling .pio\build\readpico\src\activities\reader\KOReaderSyncActivity.cpp.o
Retrieved `.pio\build\readpico\src\activities\reader\QrDisplayActivity.cpp.o' from cache
Compiling .pio\build\readpico\src\activities\reader\ReaderActivity.cpp.o
Retrieved `.pio\build\readpico\src\activities\reader\ReaderToolbarUi.cpp.o' from cache
Compiling .pio\build\readpico\src\activities\reader\TxtReaderActivity.cpp.o
Retrieved `.pio\build\readpico\src\activities\reader\TxtReaderChapterSelectionActivity.cpp.o' from cache
Compiling .pio\build\readpico\src\activities\reader\XtcReaderActivity.cpp.o
Retrieved `.pio\build\readpico\src\activities\reader\XtcReaderChapterSelectionActivity.cpp.o' from cache
Retrieved `.pio\build\readpico\src\activities\settings\AppVisibilitySettingsActivity.cpp.o' from cache
Retrieved `.pio\build\readpico\src\activities\settings\BleButtonMapActivity.cpp.o' from cache
Retrieved `.pio\build\readpico\src\activities\settings\BluetoothSettingsActivity.cpp.o' from cache
Retrieved `.pio\build\readpico\src\activities\settings\ButtonRemapActivity.cpp.o' from cache
Retrieved `.pio\build\readpico\src\activities\settings\ClearCacheActivity.cpp.o' from cache
Retrieved `.pio\build\readpico\src\activities\settings\ClockOffsetActivity.cpp.o' from cache
Retrieved `.pio\build\readpico\src\activities\settings\ClockSyncActivity.cpp.o' from cache
Retrieved `.pio\build\readpico\src\activities\settings\DateTimeSettingsActivity.cpp.o' from cache
Retrieved `.pio\build\readpico\src\activities\settings\DictionaryDownloadActivity.cpp.o' from cache
Retrieved `.pio\build\readpico\src\activities\settings\FontDownloadActivity.cpp.o' from cache
Retrieved `.pio\build\readpico\src\activities\settings\KOReaderAuthActivity.cpp.o' from cache
Retrieved `.pio\build\readpico\src\activities\settings\KOReaderSettingsActivity.cpp.o' from cache
Retrieved `.pio\build\readpico\src\activities\settings\KeyboardLayoutsActivity.cpp.o' from cache
Retrieved `.pio\build\readpico\src\activities\settings\LanguageSelectActivity.cpp.o' from cache
Retrieved `.pio\build\readpico\src\activities\settings\OpdsServerListActivity.cpp.o' from cache
Retrieved `.pio\build\readpico\src\activities\settings\OpdsSettingsActivity.cpp.o' from cache
Retrieved `.pio\build\readpico\src\activities\settings\OtaUpdateActivity.cpp.o' from cache
Retrieved `.pio\build\readpico\src\activities\settings\ReadingStatsSettingsActivity.cpp.o' from cache
Retrieved `.pio\build\readpico\src\activities\settings\SdFirmwareUpdateActivity.cpp.o' from cache
Retrieved `.pio\build\readpico\src\activities\settings\SettingsActivity.cpp.o' from cache
Retrieved `.pio\build\readpico\src\activities\settings\StatusBarSettingsActivity.cpp.o' from cache
Retrieved `.pio\build\readpico\src\activities\settings\TextSettingsActivity.cpp.o' from cache
Retrieved `.pio\build\readpico\src\activities\settings\TextSettingsPreview.cpp.o' from cache
Retrieved `.pio\build\readpico\src\activities\util\ConfirmationActivity.cpp.o' from cache
Retrieved `.pio\build\readpico\src\activities\util\FrontlightPanelActivity.cpp.o' from cache
Retrieved `.pio\build\readpico\src\activities\util\FullScreenMessageActivity.cpp.o' from cache
Retrieved `.pio\build\readpico\src\activities\util\ImageViewerActivity.cpp.o' from cache
Retrieved `.pio\build\readpico\src\activities\util\IntervalSelectionActivity.cpp.o' from cache
Retrieved `.pio\build\readpico\src\activities\util\KeyboardEntryActivity.cpp.o' from cache
Retrieved `.pio\build\readpico\src\activities\util\KeyboardLayoutSet.cpp.o' from cache
Retrieved `.pio\build\readpico\src\components\FontPreloadView.cpp.o' from cache
Retrieved `.pio\build\readpico\src\components\UITheme.cpp.o' from cache
Retrieved `.pio\build\readpico\src\components\UiAppHost.cpp.o' from cache
Retrieved `.pio\build\readpico\src\components\themes\BaseTheme.cpp.o' from cache
Retrieved `.pio\build\readpico\src\components\themes\inx\InxTheme.cpp.o' from cache
Retrieved `.pio\build\readpico\src\components\themes\lyra\Lyra3CoversTheme.cpp.o' from cache
Retrieved `.pio\build\readpico\src\components\themes\lyra\LyraCarouselTheme.cpp.o' from cache
Retrieved `.pio\build\readpico\src\components\themes\lyra\LyraTheme.cpp.o' from cache
Retrieved `.pio\build\readpico\src\components\themes\roundedraff\RoundedRaffTheme.cpp.o' from cache
Retrieved `.pio\build\readpico\src\main.cpp.o' from cache
Compiling .pio\build\readpico\src\network\CrossPointWebServer.cpp.o
Retrieved `.pio\build\readpico\src\network\FirmwareBoardTag.cpp.o' from cache
Retrieved `.pio\build\readpico\src\network\FirmwareFlasher.cpp.o' from cache
Retrieved `.pio\build\readpico\src\network\HttpDownloader.cpp.o' from cache
Retrieved `.pio\build\readpico\src\network\OtaBootSwitch.cpp.o' from cache
Retrieved `.pio\build\readpico\src\network\OtaUpdater.cpp.o' from cache
Retrieved `.pio\build\readpico\src\network\WebDAVHandler.cpp.o' from cache
Retrieved `.pio\build\readpico\src\platform\UsbSerialJtagHandoff.cpp.o' from cache
Retrieved `.pio\build\readpico\src\platform\skip_efuse_blk_check.c.o' from cache
Retrieved `.pio\build\readpico\src\util\BookCacheUtils.cpp.o' from cache
Retrieved `.pio\build\readpico\src\util\BookCoverLoader.cpp.o' from cache
Retrieved `.pio\build\readpico\src\util\BookIdentity.cpp.o' from cache
Retrieved `.pio\build\readpico\src\util\BookmarkFile.cpp.o' from cache
Retrieved `.pio\build\readpico\src\util\BookmarkUtil.cpp.o' from cache
Retrieved `.pio\build\readpico\src\util\ButtonNavigator.cpp.o' from cache
Retrieved `.pio\build\readpico\src\util\DictHtmlPages.cpp.o' from cache
Retrieved `.pio\build\readpico\src\util\DictZip.cpp.o' from cache
Retrieved `.pio\build\readpico\src\util\Dictionary.cpp.o' from cache
Retrieved `.pio\build\readpico\src\util\DictionaryRegistry.cpp.o' from cache
Retrieved `.pio\build\readpico\src\util\FileEditUtils.cpp.o' from cache
Retrieved `.pio\build\readpico\src\util\HeaderDateUtils.cpp.o' from cache
Retrieved `.pio\build\readpico\src\util\HtmlToPlainText.cpp.o' from cache
Retrieved `.pio\build\readpico\src\util\NextBookFinder.cpp.o' from cache
Retrieved `.pio\build\readpico\src\util\OpdsFilename.cpp.o' from cache
Retrieved `.pio\build\readpico\src\util\QrUtils.cpp.o' from cache
Retrieved `.pio\build\readpico\src\util\ReadingBackground.cpp.o' from cache
Retrieved `.pio\build\readpico\src\util\ReadingStatsAnalytics.cpp.o' from cache
Retrieved `.pio\build\readpico\src\util\ScreenshotUtil.cpp.o' from cache
Retrieved `.pio\build\readpico\src\util\StringUtils.cpp.o' from cache
Retrieved `.pio\build\readpico\src\util\SystemSettingsReset.cpp.o' from cache
Retrieved `.pio\build\readpico\src\util\TimeUtils.cpp.o' from cache
Retrieved `.pio\build\readpico\src\util\UrlUtils.cpp.o' from cache
Retrieved `.pio\build\readpico\src\util\UserGuide.cpp.o' from cache
Retrieved `.pio\build\readpico\bootloader.bin' from cache
Retrieved `.pio\build\readpico\partitions.bin' from cache
Retrieved `.pio\build\readpico\FrameworkArduino\ColorFormat.c.o' from cache
Retrieved `.pio\build\readpico\FrameworkArduino\Esp.cpp.o' from cache
Retrieved `.pio\build\readpico\FrameworkArduino\FirmwareMSC.cpp.o' from cache
Retrieved `.pio\build\readpico\FrameworkArduino\FunctionalInterrupt.cpp.o' from cache
Retrieved `.pio\build\readpico\FrameworkArduino\HEXBuilder.cpp.o' from cache
Retrieved `.pio\build\readpico\FrameworkArduino\HWCDC.cpp.o' from cache
Retrieved `.pio\build\readpico\FrameworkArduino\HardwareSerial.cpp.o' from cache
Retrieved `.pio\build\readpico\FrameworkArduino\HashBuilder.cpp.o' from cache
Retrieved `.pio\build\readpico\FrameworkArduino\IPAddress.cpp.o' from cache
Retrieved `.pio\build\readpico\FrameworkArduino\MD5Builder.cpp.o' from cache
Retrieved `.pio\build\readpico\FrameworkArduino\MacAddress.cpp.o' from cache
Retrieved `.pio\build\readpico\FrameworkArduino\Print.cpp.o' from cache
Retrieved `.pio\build\readpico\FrameworkArduino\Stream.cpp.o' from cache
Retrieved `.pio\build\readpico\FrameworkArduino\StreamString.cpp.o' from cache
Retrieved `.pio\build\readpico\FrameworkArduino\Tone.cpp.o' from cache
Retrieved `.pio\build\readpico\FrameworkArduino\USB.cpp.o' from cache
Retrieved `.pio\build\readpico\FrameworkArduino\USBCDC.cpp.o' from cache
Retrieved `.pio\build\readpico\FrameworkArduino\USBMSC.cpp.o' from cache
Retrieved `.pio\build\readpico\FrameworkArduino\WMath.cpp.o' from cache
Retrieved `.pio\build\readpico\FrameworkArduino\WString.cpp.o' from cache
Retrieved `.pio\build\readpico\FrameworkArduino\base64.cpp.o' from cache
Retrieved `.pio\build\readpico\FrameworkArduino\cbuf.cpp.o' from cache
Retrieved `.pio\build\readpico\FrameworkArduino\chip-debug-report.cpp.o' from cache
Retrieved `.pio\build\readpico\FrameworkArduino\esp32-hal-adc.c.o' from cache
Retrieved `.pio\build\readpico\FrameworkArduino\esp32-hal-bt.c.o' from cache
Retrieved `.pio\build\readpico\FrameworkArduino\esp32-hal-cpu.c.o' from cache
Retrieved `.pio\build\readpico\FrameworkArduino\esp32-hal-dac.c.o' from cache
Retrieved `.pio\build\readpico\FrameworkArduino\esp32-hal-gpio.c.o' from cache
Retrieved `.pio\build\readpico\FrameworkArduino\esp32-hal-hosted.c.o' from cache
Retrieved `.pio\build\readpico\FrameworkArduino\esp32-hal-i2c-ng.c.o' from cache
Retrieved `.pio\build\readpico\FrameworkArduino\esp32-hal-i2c-slave.c.o' from cache
Retrieved `.pio\build\readpico\FrameworkArduino\esp32-hal-i2c.c.o' from cache
Retrieved `.pio\build\readpico\FrameworkArduino\esp32-hal-ledc.c.o' from cache
Retrieved `.pio\build\readpico\FrameworkArduino\esp32-hal-log-wrapper.c.o' from cache
Retrieved `.pio\build\readpico\FrameworkArduino\esp32-hal-matrix.c.o' from cache
Retrieved `.pio\build\readpico\FrameworkArduino\esp32-hal-misc.c.o' from cache
Retrieved `.pio\build\readpico\FrameworkArduino\esp32-hal-periman.c.o' from cache
Retrieved `.pio\build\readpico\FrameworkArduino\esp32-hal-psram.c.o' from cache
Retrieved `.pio\build\readpico\FrameworkArduino\esp32-hal-rgb-led.c.o' from cache
Retrieved `.pio\build\readpico\FrameworkArduino\esp32-hal-rmt.c.o' from cache
Retrieved `.pio\build\readpico\FrameworkArduino\esp32-hal-sigmadelta.c.o' from cache
Retrieved `.pio\build\readpico\FrameworkArduino\esp32-hal-spi.c.o' from cache
Retrieved `.pio\build\readpico\FrameworkArduino\esp32-hal-time.c.o' from cache
Retrieved `.pio\build\readpico\FrameworkArduino\esp32-hal-timer.c.o' from cache
Retrieved `.pio\build\readpico\FrameworkArduino\esp32-hal-tinyusb.c.o' from cache
Retrieved `.pio\build\readpico\FrameworkArduino\esp32-hal-touch-ng.c.o' from cache
Retrieved `.pio\build\readpico\FrameworkArduino\esp32-hal-touch.c.o' from cache
Retrieved `.pio\build\readpico\FrameworkArduino\esp32-hal-uart.c.o' from cache
Retrieved `.pio\build\readpico\FrameworkArduino\firmware_msc_fat.c.o' from cache
Retrieved `.pio\build\readpico\FrameworkArduino\freertos_stats.cpp.o' from cache
Retrieved `.pio\build\readpico\FrameworkArduino\idf_openthread_mpool_wrapper.c.o' from cache
Retrieved `.pio\build\readpico\FrameworkArduino\libb64\cdecode.c.o' from cache
Retrieved `.pio\build\readpico\FrameworkArduino\libb64\cencode.c.o' from cache
Retrieved `.pio\build\readpico\FrameworkArduino\main.cpp.o' from cache
Retrieved `.pio\build\readpico\FrameworkArduino\stdlib_noniso.c.o' from cache
Retrieved `.pio\build\readpico\FrameworkArduino\wiring_pulse.c.o' from cache
Retrieved `.pio\build\readpico\FrameworkArduino\wiring_shift.c.o' from cache
Retrieved `.pio\build\readpico\libFrameworkArduino.a' from cache
Linking .pio\build\readpico\firmware.elf
D:/.platformio/packages/toolchain-xtensa-esp-elf/bin/../lib/gcc/xtensa-esp-elf/14.2.0/../../../../xtensa-esp-elf/bin/ld.exe: warning: orphan section `.literal.panic_print_char_usb_serial_jtag' from `D:/.platformio/packages/framework-arduinoespressif32-libs/esp32s3/lib\libesp_system.a(panic.c.o)' being placed in section `.literal.panic_print_char_usb_serial_jtag'
D:/.platformio/packages/toolchain-xtensa-esp-elf/bin/../lib/gcc/xtensa-esp-elf/14.2.0/../../../../xtensa-esp-elf/bin/ld.exe: warning: orphan section `.text.panic_print_char_usb_serial_jtag' from `D:/.platformio/packages/framework-arduinoespressif32-libs/esp32s3/lib\libesp_system.a(panic.c.o)' being placed in section `.text.panic_print_char_usb_serial_jtag'
                            Memory Type Usage Summary                             
┌─────────────────────┬──────────────┬──────────┬────────────────┬───────────────┐
│ Memory Type/Section │ Used [bytes] │ Used [%] │ Remain [bytes] │ Total [bytes] │
├─────────────────────┼──────────────┼──────────┼────────────────┼───────────────┤
│ Flash Data          │      3177468 │          │                │               │
│    .rodata          │      3177212 │          │                │               │
│    .appdesc         │          256 │          │                │               │
│ Flash Code          │      2589620 │          │                │               │
│    .text            │      2589620 │          │                │               │
│ DIRAM               │       197939 │    57.92 │         143821 │        341760 │
│    .text            │        91011 │    26.63 │                │               │
│    .bss             │        75192 │     22.0 │                │               │
│    .data            │        31736 │     9.29 │                │               │
│ IRAM                │        16384 │    100.0 │              0 │         16384 │
│    .text            │        15356 │    93.73 │                │               │
│    .vectors         │         1028 │     6.27 │                │               │
│ RTC SLOW            │         5528 │    71.98 │           2152 │          7680 │
│    .rtc_noinit      │         5528 │    71.98 │                │               │
│ RTC FAST            │           92 │     1.12 │           8100 │          8192 │
│    .text            │           92 │     1.12 │                │               │
└─────────────────────┴──────────────┴──────────┴────────────────┴───────────────┘
Total image size: 5906311 bytes (.bin may be padded larger)
Note: The reported total sizes may be smaller than those in the technical reference manual due to reserved memory and application configuration. The total flash size available for the application is not included by default, as it cannot be reliably determined due to the presence of other data like the bootloader, partition table, and application partition size.
Retrieving maximum program size .pio\build\readpico\firmware.elf
Checking size .pio\build\readpico\firmware.elf
Advanced Memory Usage is available via "PlatformIO Home > Project Inspect"
RAM:   [===       ]  32.6% (used 106928 bytes from 327680 bytes)
Flash: [========= ]  90.1% (used 5905963 bytes from 6553600 bytes)
Building .pio\build\readpico\firmware.bin
esptool v5.1.2
Creating ESP32S3 image...
Merged 5 ELF sections.
Successfully created ESP32S3 image.
======================== [SUCCESS] Took 630.35 seconds ========================

Environment    Status    Duration
-------------  --------  ------------
readpico       SUCCESS   00:10:30.354
========================= 1 succeeded in 00:10:30.354 =========================
