Processing readpico (board: esp32-s3-devkitc1-n16r8; platform: https://github.com/pioarduino/platform-espressif32/releases/download/55.03.37/platform-espressif32.zip; framework: arduino)
--------------------------------------------------------------------------------
Verbose mode can be enabled via `-v, --verbose` option
Patched wolfSSL settings: .pio\libdeps\default\Arduino-wolfSSL\src\user_settings.h
Patched wolfSSL settings: .pio\libdeps\eego_a4\Arduino-wolfSSL\src\user_settings.h
Patched wolfSSL settings: .pio\libdeps\readpico\Arduino-wolfSSL\src\user_settings.h
Generated: src\network\html\en\FilesPageHtml.generated.h
  Original: 224062 bytes
  Minified: 219834 bytes (98.1%)
  Compressed: 51459 bytes (23.0%)
Generated: src\network\html\en\FontsPageHtml.generated.h
  Original: 10940 bytes
  Minified: 10772 bytes (98.5%)
  Compressed: 3285 bytes (30.0%)
Generated: src\network\html\en\HomePageHtml.generated.h
  Original: 4523 bytes
  Minified: 4235 bytes (93.6%)
  Compressed: 1446 bytes (32.0%)
Generated: src\network\html\en\SettingsPageHtml.generated.h
  Original: 25672 bytes
  Minified: 25556 bytes (99.5%)
  Compressed: 5790 bytes (22.6%)
Generated: src\network\html\js\jszip_minJs.generated.h
  Original: 97630 bytes
  Minified: 97630 bytes (100.0%)
  Compressed: 28379 bytes (29.1%)
Generated: src\network\html\zh-CN\FilesPageHtml.generated.h
  Original: 217792 bytes
  Minified: 213590 bytes (98.1%)
  Compressed: 51489 bytes (23.6%)
Generated: src\network\html\zh-CN\FontsPageHtml.generated.h
  Original: 11740 bytes
  Minified: 11578 bytes (98.6%)
  Compressed: 3793 bytes (32.3%)
Generated: src\network\html\zh-CN\HomePageHtml.generated.h
  Original: 5986 bytes
  Minified: 5745 bytes (96.0%)
  Compressed: 2074 bytes (34.6%)
Generated: src\network\html\zh-CN\SettingsPageHtml.generated.h
  Original: 26130 bytes
  Minified: 26040 bytes (99.7%)
  Compressed: 6270 bytes (24.0%)
Bundled user guides: 17081 / 131072 bytes
[gen_i18n] unified firmware; building full i18n
Language              Code   BCP47        Own   Fallback  Unused  Data (B)
--------------------  -----  -----------  ----  --------  ------  --------
English               EN     en           1111  0         30      19099   
العربية               AR     ar           437   674       5       13177   
Беларуская            BE     be           437   674       5       15129   
Bosanski              BS     bs           437   674       5       9000    
Català                CA     ca           438   673       5       9854    
Valencià              CAV    ca-valencia  440   671       5       9808    
Čeština               CS     cs           437   674       5       9397    
Dansk                 DA     da           323   788       2       5510    
Deutsch               DE     de           437   674       5       8353    
Español               ES     es           438   673       5       9212    
فارسی                 FA     fa           460   651       5       14681   
Suomi                 FI     fi           293   818       2       5564    
Français              FR     fr           437   674       5       8632    
עברית                 HE     he           437   674       5       11269   
Magyar                HU     hu           437   674       5       9855    
Bahasa Indonesia      ID     id           437   674       5       8432    
Italiano              IT     it           436   675       4       8484    
Қазақша               KK     kk           437   674       5       15308   
Lietuvių              LT     lt           437   674       5       7758    
Norsk bokmål          NB     nb           437   674       5       7985    
Nederlands            NL     nl           323   788       2       5512    
Orangutan             OOK    ook          330   781       3       2606    
Polski                PL     pl           437   674       5       8885    
Português (Brasil)    PT     pt-BR        437   674       5       8797    
Português (Portugal)  P2     pt-PT        437   674       5       9514    
Română                RO     ro           323   788       2       6296    
Русский               RU     ru           435   676       5       14550   
Slovenčina            SK     sk           437   674       5       9460    
Slovenščina           SI     sl           437   674       5       8901    
Svenska               SV     sv           458   653       5       8756    
Türkçe                TR     tr           437   674       5       8862    
Українська            UK     uk           437   674       5       15512   
Tiếng Việt            VI     vi           444   667       5       10075   
简体中文                  ZH_CN  zh-CN        1111  0         30      18268   

  Total: 1111  |  Used in code: 1081  |  Never used: 30
  Flash: 342,501 B strings (deduped)  +  75,548 B offset tables  =  418,049 B

  Stripping 30 unused string(s) from output.

Code generation complete!
  Languages: 34
  String keys: 1081
CONFIGURATION: https://docs.platformio.org/page/boards/espressif32/esp32-s3-devkitc1-n16r8.html
PLATFORM: Espressif 32 (55.3.37) > Espressif ESP32-S3-DevKitC-1-N16R8V (16 MB Flash Quad, 8 MB PSRAM Octal)
HARDWARE: ESP32S3 240MHz, 320KB RAM, 16MB Flash
DEBUG: Current (esp-builtin) On-board (esp-builtin) External (cmsis-dap, esp-bridge, esp-prog, iot-bus-jtag, jlink, minimodule, olimex-arm-usb-ocd, olimex-arm-usb-ocd-h, olimex-arm-usb-tiny-h, olimex-jtag-tiny, tumpa)
PACKAGES: 
 - contrib-piohome @ 3.4.4 
 - framework-arduinoespressif32 @ 3.3.7 
 - framework-arduinoespressif32-libs @ 5.5.0+sha.87912cd291 
 - framework-espidf @ 3.50502.0 (5.5.2) 
 - tool-cmake @ 4.0.3 
 - tool-cppcheck @ 2.11.0+230717 
 - tool-esp-rom-elfs @ 2024.10.11 
 - tool-esptoolpy @ 5.1.2 
 - tool-ninja @ 1.13.1 
 - tool-scons @ 4.40801.0 (4.8.1) 
 - toolchain-xtensa-esp-elf @ 14.2.0+20251107
[ComponentManager] BT/BLE protection enabled
[ComponentManager] Protected BT library: bt
[ComponentManager] Processed 1 ignored libraries
[ComponentManager] Session completed with 3 changes
*** Applied include path shortening for 336 framework paths ***
*** Path length reduced from 35951 to ~14192 characters ***
*** Estimated savings: 21168 characters ***
LDF: Library Dependency Finder -> https://bit.ly/configure-pio-ldf
LDF Modes: Finder ~ chain, Compatibility ~ soft
Found 96 compatible libraries
Scanning dependencies...
