[6014] [DBG] [PWR] CPU frequency now 80 MHz
[10004] [INF] [MEM] Free: 77119 bytes, Total: 261819 bytes, Min Free: 70715 bytes, MaxAlloc: 31732 bytes
[20037] [INF] [MEM] Free: 77119 bytes, Total: 261819 bytes, Min Free: 70715 bytes, MaxAlloc: 31732 bytes
[30070] [INF] [MEM] Free: 77119 bytes, Total: 261819 bytes, Min Free: 70715 bytes, MaxAlloc: 31732 bytes
[40103] [INF] [MEM] Free: 77119 bytes, Total: 261819 bytes, Min Free: 70715 bytes, MaxAlloc: 31732 bytes
[50136] [INF] [MEM] Free: 77119 bytes, Total: 261819 bytes, Min Free: 70715 bytes, MaxAlloc: 31732 bytes
[60169] [INF] [MEM] Free: 77119 bytes, Total: 261819 bytes, Min Free: 70715 bytes, MaxAlloc: 31732 bytes
[70202] [INF] [MEM] Free: 77119 bytes, Total: 261819 bytes, Min Free: 70715 bytes, MaxAlloc: 31732 bytes
[79152] [DBG] [PWR] CPU frequency now 240 MHz
[79397] [DBG] [GFX] Time = 219 ms from clearScreen to displayBuffer
[80203] [INF] [MEM] Free: 77119 bytes, Total: 261819 bytes, Min Free: 70715 bytes, MaxAlloc: 31732 bytes
[81684] [DBG] [ACT] Exiting activity: InxRecent
[81685] [DBG] [ACT] Entering activity: EpubReader
[81700] [DBG] [EBP] Loading ePub: /WeRead/蛤蟆先生去看心理医生-35551088.epub
[81711] [DBG] [BMC] Loaded cache data: 19 spine, 19 TOC entries
[81741] [DBG] [CSS] Loaded 1 rules from complete cache
[81741] [DBG] [EBP] Loaded ePub: /WeRead/蛤蟆先生去看心理医生-35551088.epub
[81759] [WR] Failed to open file for reading: /.crosspoint/weread/shelf.bin
[81768] [DBG] [ERS] Loaded cache: 8, 0
[81792] [DBG] [KODoc] Calculating hash for file: /WeRead/蛤蟆先生去看心理医生-35551088.epub (size: 1432149)
[81801] [DBG] [KODoc] Hash calculated: d4865928282c376d445e0f9935eef28e (from 7168 bytes)
[81819] [DBG] [BKM] Loaded 2 bookmarks from file
[82149] [DBG] [LOOP] New max loop duration: 468 ms (activity: 465 ms)
[82149] [INF] [IMG] Image resampling filter -> bilinear (cache suffix .b.pxc)
[82157] [DBG] [ERS] Loading file: OEBPS/ch000008.xhtml, index: 8
[82168] [SCT] Failed to open file for reading: /.crosspoint/epub_2620571570/sections/8.bin
[82168] [DBG] [ERS] Cache not found, building...
[82229] [DBG] [SCT] Reusing cached HTML /.crosspoint/epub_2620571570/html/8.html
[82274] [DBG] [CSS] Loaded 1 rules from complete cache
[82305] [DBG] [EHP] Found image: src=images/ch000008-0.png
[82335] [DBG] [EHP] Image dimensions: 742x202
[82336] [DBG] [EHP] Display size: 628x170 (scale 0.85)
[82375] [DBG] [SDCF] Advance table style 0: +5 source=psram+sd, total=5/768
[82406] [DBG] [SDCF] Advance table style 0: +4 source=psram+sd, total=9/768
[82558] [DBG] [SDCF] Advance table style 0: +93 source=psram+sd, total=102/768
[82695] [DBG] [SDCF] Advance table style 0: +72 source=psram+sd, total=174/768
[82726] [DBG] [SCT] Page 0 processed
[82850] [DBG] [SDCF] Advance table style 0: +65 source=psram+sd, total=239/768
[82894] [DBG] [SCT] Page 1 processed
[82986] [DBG] [SDCF] Advance table style 0: +32 source=psram+sd, total=271/768
[83078] [DBG] [SDCF] Advance table style 0: +38 source=psram+sd, total=309/768
[83114] [DBG] [SCT] Page 2 processed
[83249] [DBG] [SDCF] Advance table style 0: +64 source=psram+sd, total=373/768
[83320] [DBG] [SDCF] Advance table style 0: +18 source=psram+sd, total=391/768
[83353] [DBG] [SCT] Page 3 processed
[83473] [DBG] [SDCF] Advance table style 0: +52 source=psram+sd, total=443/768
[83545] [DBG] [SCT] Page 4 processed
[83578] [DBG] [SDCF] Advance table style 0: +4 source=psram+sd, total=447/768
[83604] [DBG] [SDCF] Advance table style 0: +5 source=psram+sd, total=452/768
[83625] [DBG] [SDCF] Advance table style 0: +2 source=psram+sd, total=454/768
[83668] [DBG] [SDCF] Advance table style 0: +13 source=psram+sd, total=467/768
[83706] [DBG] [SDCF] Advance table style 0: +11 source=psram+sd, total=478/768
[83727] [DBG] [SCT] Page 5 processed
[83756] [DBG] [SDCF] Advance table style 0: +3 source=psram+sd, total=481/768
[83773] [DBG] [SDCF] Advance table style 0: +1 source=psram+sd, total=482/768
[83803] [DBG] [SDCF] Advance table style 0: +6 source=psram+sd, total=488/768
[83837] [DBG] [SDCF] Advance table style 0: +9 source=psram+sd, total=497/768
[83887] [DBG] [SDCF] Advance table style 0: +18 source=psram+sd, total=515/768
[83910] [DBG] [SCT] Page 6 processed
[83943] [DBG] [SDCF] Advance table style 0: +5 source=psram+sd, total=520/768
[83972] [DBG] [SDCF] Advance table style 0: +5 source=psram+sd, total=525/768
[84001] [DBG] [SDCF] Advance table style 0: +5 source=psram+sd, total=530/768
[84039] [DBG] [SDCF] Advance table style 0: +10 source=psram+sd, total=540/768
[84061] [DBG] [SCT] Page 7 processed
[84105] [DBG] [SDCF] Advance table style 0: +10 source=psram+sd, total=550/768
[84141] [DBG] [SDCF] Advance table style 0: +7 source=psram+sd, total=557/768
[84163] [DBG] [SDCF] Advance table style 0: +2 source=psram+sd, total=559/768
[84184] [DBG] [SCT] Page 8 processed
[84206] [DBG] [SDCF] Advance table style 0: +1 source=psram+sd, total=560/768
[84227] [DBG] [SDCF] Advance table style 0: +2 source=psram+sd, total=562/768
[84245] [DBG] [SDCF] Advance table style 0: +2 source=psram+sd, total=564/768
[84274] [DBG] [ERS] Image predecode=11ms cold=0
[84592] [DBG] [IMG] Rendering image at 28,34: /.crosspoint/epub_2620571570/img2_8_0.png (628x170)
[84603] [DBG] [IMG] Loading from cache: /.crosspoint/epub_2620571570/img2_8_0.b.pxc (628x170)
[84640] [DBG] [IMG] Cache render complete (payload now in RAM)
[85188] [DBG] [GFX] Stored BW buffer in 13 chunks (8000 bytes each)
[85191] [DBG] [IMG] Rendering image at 28,34: /.crosspoint/epub_2620571570/img2_8_0.png (628x170)
[85336] [DBG] [IMG] Rendering image at 28,34: /.crosspoint/epub_2620571570/img2_8_0.png (628x170)
[86023] [DBG] [GFX] Restored and freed BW buffer chunks
[86024] [DBG] [ERS] Page render: prewarm=329ms bw_render=589ms display=4ms bw_store=4ms gray_lsb=145ms gray_msb=154ms gray_display=532ms bw_restore=4ms total=1761ms
[86025] [DBG] [ERS] Rendered page in 1762ms
[86116] [DBG] [ERS] Progress saved: spine=8 offset=0 page=0
[86120] [DBG] [GFX] Stored BW buffer in 13 chunks (8000 bytes each)
[86136] [DBG] [GFX] Time = 802 ms from clearScreen to displayBuffer
[86423] [ERR] [GFX] !! BW buffer chunk 0 already stored - this is likely a bug, freeing chunk
[86423] [ERR] [GFX] !! BW buffer chunk 1 already stored - this is likely a bug, freeing chunk
[86424] [ERR] [GFX] !! BW buffer chunk 2 already stored - this is likely a bug, freeing chunk
[86424] [ERR] [GFX] !! BW buffer chunk 3 already stored - this is likely a bug, freeing chunk
[86424] [ERR] [GFX] !! BW buffer chunk 4 already stored - this is likely a bug, freeing chunk
[86425] [ERR] [GFX] !! BW buffer chunk 5 already stored - this is likely a bug, freeing chunk
[86425] [ERR] [GFX] !! BW buffer chunk 6 already stored - this is likely a bug, freeing chunk
[86425] [ERR] [GFX] !! BW buffer chunk 7 already stored - this is likely a bug, freeing chunk
[86426] [ERR] [GFX] !! BW buffer chunk 8 already stored - this is likely a bug, freeing chunk
[86426] [ERR] [GFX] !! BW buffer chunk 9 already stored - this is likely a bug, freeing chunk
[86426] [ERR] [GFX] !! BW buffer chunk 10 already stored - this is likely a bug, freeing chunk
[86427] [ERR] [GFX] !! BW buffer chunk 11 already stored - this is likely a bug, freeing chunk
[86427] [ERR] [GFX] !! BW buffer chunk 12 already stored - this is likely a bug, freeing chunk
[86427] [DBG] [GFX] Stored BW buffer in 13 chunks (8000 bytes each)
[86439] [DBG] [GFX] Time = 1105 ms from clearScreen to displayBuffer
[86480] [DBG] [LOOP] New max loop duration: 2145 ms (activity: 2142 ms)
[87377] [DBG] [GFX] Restored and freed BW buffer chunks
[87377] [DBG] [GFX] Time = 2043 ms from clearScreen to displayBuffer
[89549] [DBG] [GFX] Stored BW buffer in 13 chunks (8000 bytes each)
[90223] [INF] [MEM] Free: 41895 bytes, Total: 261819 bytes, Min Free: 34595 bytes, MaxAlloc: 31732 bytes
[90531] [DBG] [GFX] Restored and freed BW buffer chunks
[90532] [DBG] [ERS] Page render: prewarm=332ms bw_render=249ms display=4ms bw_store=5ms gray_lsb=198ms gray_msb=208ms gray_display=573ms bw_restore=4ms total=1573ms
[90533] [DBG] [ERS] Rendered page in 1574ms
[90632] [DBG] [ERS] Progress saved: spine=8 offset=191 page=1
[91276] [DBG] [ERS] Image predecode=12ms cold=0
[91287] [DBG] [IMG] Rendering image at 28,34: /.crosspoint/epub_2620571570/img2_8_0.png (628x170)
[91299] [DBG] [IMG] Loading from cache: /.crosspoint/epub_2620571570/img2_8_0.b.pxc (628x170)
[91339] [DBG] [IMG] Cache render complete (payload now in RAM)
[91528] [DBG] [GFX] Stored BW buffer in 13 chunks (8000 bytes each)
[91530] [DBG] [IMG] Rendering image at 28,34: /.crosspoint/epub_2620571570/img2_8_0.png (628x170)
[91700] [DBG] [IMG] Rendering image at 28,34: /.crosspoint/epub_2620571570/img2_8_0.png (628x170)
[92442] [DBG] [GFX] Restored and freed BW buffer chunks
[92443] [DBG] [ERS] Page render: prewarm=22ms bw_render=233ms display=4ms bw_store=5ms gray_lsb=170ms gray_msb=182ms gray_display=557ms bw_restore=6ms total=1179ms
[92444] [DBG] [ERS] Rendered page in 1180ms
[92544] [DBG] [ERS] Progress saved: spine=8 offset=0 page=0
[93369] [DBG] [GFX] Stored BW buffer in 13 chunks (8000 bytes each)
[94337] [DBG] [GFX] Restored and freed BW buffer chunks
[94337] [DBG] [ERS] Page render: prewarm=7ms bw_render=251ms display=3ms bw_store=5ms gray_lsb=197ms gray_msb=209ms gray_display=556ms bw_restore=5ms total=1233ms
[94338] [DBG] [ERS] Rendered page in 1234ms
[94437] [DBG] [ERS] Progress saved: spine=8 offset=191 page=1
[95430] [DBG] [GFX] Stored BW buffer in 13 chunks (8000 bytes each)
[96363] [DBG] [GFX] Restored and freed BW buffer chunks
[96363] [DBG] [ERS] Page render: prewarm=223ms bw_render=230ms display=6ms bw_store=4ms gray_lsb=180ms gray_msb=190ms gray_display=558ms bw_restore=4ms total=1395ms
[96364] [DBG] [ERS] Rendered page in 1396ms
[96461] [DBG] [ERS] Progress saved: spine=8 offset=457 page=2
[97099] [DBG] [GFX] Stored BW buffer in 13 chunks (8000 bytes each)
[98074] [DBG] [GFX] Restored and freed BW buffer chunks
[98074] [DBG] [ERS] Page render: prewarm=6ms bw_render=251ms display=3ms bw_store=5ms gray_lsb=198ms gray_msb=208ms gray_display=565ms bw_restore=3ms total=1239ms
[98076] [DBG] [ERS] Rendered page in 1241ms
[98175] [DBG] [ERS] Progress saved: spine=8 offset=191 page=1
[98460] [DBG] [ERS] Image predecode=11ms cold=0
[98465] [DBG] [IMG] Rendering image at 28,34: /.crosspoint/epub_2620571570/img2_8_0.png (628x170)
[98477] [DBG] [IMG] Loading from cache: /.crosspoint/epub_2620571570/img2_8_0.b.pxc (628x170)
[98517] [DBG] [IMG] Cache render complete (payload now in RAM)
[98705] [DBG] [GFX] Stored BW buffer in 13 chunks (8000 bytes each)
[98707] [DBG] [IMG] Rendering image at 28,34: /.crosspoint/epub_2620571570/img2_8_0.png (628x170)
[98879] [DBG] [IMG] Rendering image at 28,34: /.crosspoint/epub_2620571570/img2_8_0.png (628x170)
[99620] [DBG] [GFX] Restored and freed BW buffer chunks
[99621] [DBG] [ERS] Page render: prewarm=16ms bw_render=231ms display=6ms bw_store=3ms gray_lsb=171ms gray_msb=182ms gray_display=559ms bw_restore=4ms total=1172ms
[99622] [DBG] [ERS] Rendered page in 1173ms
[99720] [DBG] [ERS] Progress saved: spine=8 offset=0 page=0
[100234] [INF] [MEM] Free: 49527 bytes, Total: 261819 bytes, Min Free: 34595 bytes, MaxAlloc: 31732 bytes
[100543] [DBG] [GFX] Stored BW buffer in 13 chunks (8000 bytes each)
[101511] [DBG] [GFX] Restored and freed BW buffer chunks
[101512] [DBG] [ERS] Page render: prewarm=6ms bw_render=251ms display=3ms bw_store=5ms gray_lsb=198ms gray_msb=208ms gray_display=558ms bw_restore=4ms total=1233ms
[101513] [DBG] [ERS] Rendered page in 1234ms
[101611] [DBG] [ERS] Progress saved: spine=8 offset=191 page=1
[102180] [DBG] [GFX] Stored BW buffer in 13 chunks (8000 bytes each)
[103114] [DBG] [GFX] Restored and freed BW buffer chunks
[103115] [DBG] [ERS] Page render: prewarm=4ms bw_render=230ms display=4ms bw_store=5ms gray_lsb=180ms gray_msb=191ms gray_display=558ms bw_restore=6ms total=1178ms
[103116] [DBG] [ERS] Rendered page in 1179ms
[103216] [DBG] [ERS] Progress saved: spine=8 offset=457 page=2
[104623] [DBG] [GFX] Stored BW buffer in 13 chunks (8000 bytes each)
[105546] [DBG] [GFX] Restored and freed BW buffer chunks
[105546] [DBG] [ERS] Page render: prewarm=228ms bw_render=378ms display=3ms bw_store=4ms gray_lsb=178ms gray_msb=186ms gray_display=554ms bw_restore=5ms total=1536ms
[105548] [DBG] [ERS] Rendered page in 1538ms
[105644] [DBG] [ERS] Progress saved: spine=8 offset=704 page=3
[106841] [DBG] [GFX] Stored BW buffer in 13 chunks (8000 bytes each)
[107804] [DBG] [GFX] Restored and freed BW buffer chunks
[107804] [DBG] [ERS] Page render: prewarm=190ms bw_render=246ms display=4ms bw_store=4ms gray_lsb=194ms gray_msb=203ms gray_display=562ms bw_restore=4ms total=1407ms
[107805] [DBG] [ERS] Rendered page in 1408ms
[107902] [DBG] [ERS] Progress saved: spine=8 offset=947 page=4
[108920] [DBG] [GFX] Stored BW buffer in 13 chunks (8000 bytes each)
[109845] [DBG] [GFX] Restored and freed BW buffer chunks
[109846] [DBG] [ERS] Page render: prewarm=5ms bw_render=224ms display=4ms bw_store=4ms gray_lsb=177ms gray_msb=187ms gray_display=556ms bw_restore=6ms total=1163ms
[109847] [DBG] [ERS] Rendered page in 1164ms
[109944] [DBG] [ERS] Progress saved: spine=8 offset=704 page=3
[110245] [INF] [MEM] Free: 49527 bytes, Total: 261819 bytes, Min Free: 34595 bytes, MaxAlloc: 31732 bytes
[110779] [DBG] [GFX] Stored BW buffer in 13 chunks (8000 bytes each)
[111711] [DBG] [GFX] Restored and freed BW buffer chunks
[111711] [DBG] [ERS] Page render: prewarm=5ms bw_render=229ms display=3ms bw_store=6ms gray_lsb=180ms gray_msb=190ms gray_display=556ms bw_restore=6ms total=1175ms
[111712] [DBG] [ERS] Rendered page in 1177ms
[111811] [DBG] [ERS] Progress saved: spine=8 offset=457 page=2
[112567] [DBG] [GFX] Stored BW buffer in 13 chunks (8000 bytes each)
[113535] [DBG] [GFX] Restored and freed BW buffer chunks
[113536] [DBG] [ERS] Page render: prewarm=6ms bw_render=250ms display=3ms bw_store=4ms gray_lsb=198ms gray_msb=209ms gray_display=558ms bw_restore=3ms total=1231ms
[113537] [DBG] [ERS] Rendered page in 1233ms
[113635] [DBG] [ERS] Progress saved: spine=8 offset=191 page=1
[114148] [DBG] [ERS] Image predecode=12ms cold=0
[114155] [DBG] [IMG] Rendering image at 28,34: /.crosspoint/epub_2620571570/img2_8_0.png (628x170)
[114166] [DBG] [IMG] Loading from cache: /.crosspoint/epub_2620571570/img2_8_0.b.pxc (628x170)
[114208] [DBG] [IMG] Cache render complete (payload now in RAM)
[114395] [DBG] [GFX] Stored BW buffer in 13 chunks (8000 bytes each)
[114399] [DBG] [IMG] Rendering image at 28,34: /.crosspoint/epub_2620571570/img2_8_0.png (628x170)
[114570] [DBG] [IMG] Rendering image at 28,34: /.crosspoint/epub_2620571570/img2_8_0.png (628x170)
[115311] [DBG] [GFX] Restored and freed BW buffer chunks
[115312] [DBG] [ERS] Page render: prewarm=19ms bw_render=233ms display=3ms bw_store=5ms gray_lsb=172ms gray_msb=181ms gray_display=557ms bw_restore=6ms total=1176ms
[115313] [DBG] [ERS] Rendered page in 1177ms
[115413] [DBG] [ERS] Progress saved: spine=8 offset=0 page=0
[117126] [DBG] [PWR] CPU frequency now 80 MHz
[120261] [INF] [MEM] Free: 49527 bytes, Total: 261819 bytes, Min Free: 34595 bytes, MaxAlloc: 31732 bytes
[130294] [INF] [MEM] Free: 49527 bytes, Total: 261819 bytes, Min Free: 34595 bytes, MaxAlloc: 31732 bytes
[139586] [DBG] [PWR] CPU frequency now 240 MHz
[139935] [DBG] [GFX] Stored BW buffer in 13 chunks (8000 bytes each)
[140295] [INF] [MEM] Free: 43943 bytes, Total: 261819 bytes, Min Free: 34595 bytes, MaxAlloc: 31732 bytes
[140907] [DBG] [GFX] Restored and freed BW buffer chunks
[140907] [DBG] [ERS] Page render: prewarm=6ms bw_render=249ms display=4ms bw_store=5ms gray_lsb=197ms gray_msb=210ms gray_display=561ms bw_restore=4ms total=1236ms
[140909] [DBG] [ERS] Rendered page in 1238ms
[141007] [DBG] [ERS] Progress saved: spine=8 offset=191 page=1
[141707] [DBG] [GFX] Stored BW buffer in 13 chunks (8000 bytes each)
[142639] [DBG] [GFX] Restored and freed BW buffer chunks
[142639] [DBG] [ERS] Page render: prewarm=5ms bw_render=229ms display=3ms bw_store=6ms gray_lsb=179ms gray_msb=191ms gray_display=558ms bw_restore=4ms total=1175ms
[142640] [DBG] [ERS] Rendered page in 1177ms
[142739] [DBG] [ERS] Progress saved: spine=8 offset=457 page=2
[143350] [DBG] [GFX] Stored BW buffer in 13 chunks (8000 bytes each)
[144275] [DBG] [GFX] Restored and freed BW buffer chunks
[144275] [DBG] [ERS] Page render: prewarm=5ms bw_render=224ms display=6ms bw_store=3ms gray_lsb=176ms gray_msb=187ms gray_display=557ms bw_restore=5ms total=1163ms
[144277] [DBG] [ERS] Rendered page in 1165ms
[144374] [DBG] [ERS] Progress saved: spine=8 offset=704 page=3
[144675] [DBG] [GFX] Stored BW buffer in 13 chunks (8000 bytes each)
[145635] [DBG] [GFX] Restored and freed BW buffer chunks
[145636] [DBG] [ERS] Page render: prewarm=6ms bw_render=244ms display=4ms bw_store=4ms gray_lsb=194ms gray_msb=204ms gray_display=557ms bw_restore=6ms total=1219ms
[145637] [DBG] [ERS] Rendered page in 1220ms
[145737] [DBG] [ERS] Progress saved: spine=8 offset=947 page=4
[146095] [DBG] [GFX] Stored BW buffer in 13 chunks (8000 bytes each)
[147021] [DBG] [GFX] Restored and freed BW buffer chunks
[147022] [DBG] [ERS] Page render: prewarm=5ms bw_render=224ms display=4ms bw_store=4ms gray_lsb=177ms gray_msb=187ms gray_display=558ms bw_restore=5ms total=1164ms
[147023] [DBG] [ERS] Rendered page in 1165ms
[147122] [DBG] [ERS] Progress saved: spine=8 offset=704 page=3
[147399] [DBG] [GFX] Stored BW buffer in 13 chunks (8000 bytes each)
[148338] [DBG] [GFX] Restored and freed BW buffer chunks
[148338] [DBG] [ERS] Page render: prewarm=6ms bw_render=229ms display=4ms bw_store=4ms gray_lsb=181ms gray_msb=191ms gray_display=564ms bw_restore=3ms total=1182ms
[148340] [DBG] [ERS] Rendered page in 1184ms
[148436] [DBG] [ERS] Progress saved: spine=8 offset=457 page=2
[148726] [DBG] [GFX] Stored BW buffer in 13 chunks (8000 bytes each)
[149693] [DBG] [GFX] Restored and freed BW buffer chunks
[149693] [DBG] [ERS] Page render: prewarm=6ms bw_render=250ms display=4ms bw_store=5ms gray_lsb=198ms gray_msb=208ms gray_display=557ms bw_restore=4ms total=1232ms
[149694] [DBG] [ERS] Rendered page in 1233ms
[149793] [DBG] [ERS] Progress saved: spine=8 offset=191 page=1
[149865] [DBG] [ERS] Image predecode=12ms cold=0
[149870] [DBG] [IMG] Rendering image at 28,34: /.crosspoint/epub_2620571570/img2_8_0.png (628x170)
[149882] [DBG] [IMG] Loading from cache: /.crosspoint/epub_2620571570/img2_8_0.b.pxc (628x170)
[149922] [DBG] [IMG] Cache render complete (payload now in RAM)
[150110] [DBG] [GFX] Stored BW buffer in 13 chunks (8000 bytes each)
[150113] [DBG] [IMG] Rendering image at 28,34: /.crosspoint/epub_2620571570/img2_8_0.png (628x170)
[150283] [DBG] [IMG] Rendering image at 28,34: /.crosspoint/epub_2620571570/img2_8_0.png (628x170)
[150305] [INF] [MEM] Free: 44919 bytes, Total: 261819 bytes, Min Free: 34595 bytes, MaxAlloc: 31732 bytes
[151025] [DBG] [GFX] Restored and freed BW buffer chunks
[151025] [DBG] [ERS] Page render: prewarm=17ms bw_render=232ms display=5ms bw_store=4ms gray_lsb=170ms gray_msb=182ms gray_display=558ms bw_restore=4ms total=1172ms
[151026] [DBG] [ERS] Rendered page in 1173ms
[151126] [DBG] [ERS] Progress saved: spine=8 offset=0 page=0
[152763] [DBG] [GFX] Stored BW buffer in 13 chunks (8000 bytes each)
[152775] [DBG] [GFX] Time = 2494 ms from clearScreen to displayBuffer
[154715] [DBG] [GFX] Restored and freed BW buffer chunks
[154718] [DBG] [GFX] Stored BW buffer in 13 chunks (8000 bytes each)
[156494] [DBG] [GFX] Time = 6213 ms from clearScreen to displayBuffer
[157715] [DBG] [PWR] CPU frequency now 80 MHz
[160337] [INF] [MEM] Free: 44211 bytes, Total: 261819 bytes, Min Free: 34595 bytes, MaxAlloc: 31732 bytes
[170370] [INF] [MEM] Free: 44211 bytes, Total: 261819 bytes, Min Free: 34595 bytes, MaxAlloc: 31732 bytes
[180403] [INF] [MEM] Free: 44211 bytes, Total: 261819 bytes, Min Free: 34595 bytes, MaxAlloc: 31732 bytes
[190436] [INF] [MEM] Free: 44211 bytes, Total: 261819 bytes, Min Free: 34595 bytes, MaxAlloc: 31732 bytes
[200469] [INF] [MEM] Free: 44211 bytes, Total: 261819 bytes, Min Free: 34595 bytes, MaxAlloc: 31732 bytes
[208222] [DBG] [PWR] CPU frequency now 240 MHz
[208317] [DBG] [ACT] Pushed to activity stack, new size = 1
[208317] [DBG] [ACT] Entering activity: TextSettings
[208613] [DBG] [SDCF] Advance table style 0: +22 source=psram+sd, total=586/768
[209568] [DBG] [GFX] Time = 1249 ms from clearScreen to displayBuffer
[210482] [INF] [MEM] Free: 40203 bytes, Total: 261819 bytes, Min Free: 34595 bytes, MaxAlloc: 31732 bytes
[213625] [DBG] [PWR] CPU frequency now 80 MHz
