[10023] [INF] [MEM] Free: 77187 bytes, Total: 264219 bytes, Min Free: 74595 bytes, MaxAlloc: 31732 bytes
[20056] [INF] [MEM] Free: 77187 bytes, Total: 264219 bytes, Min Free: 74595 bytes, MaxAlloc: 31732 bytes
[30089] [INF] [MEM] Free: 77187 bytes, Total: 264219 bytes, Min Free: 74595 bytes, MaxAlloc: 31732 bytes
[32028] [DBG] [PWR] CPU frequency now 240 MHz
[32095] [DBG] [ACT] Exiting activity: InxRecent
[32096] [DBG] [ACT] Entering activity: EpubReader
[32111] [DBG] [EBP] Loading ePub: /WeRead/蛤蟆先生去看心理医生-35551088.epub
[32122] [DBG] [BMC] Loaded cache data: 19 spine, 19 TOC entries
[32149] [DBG] [CSS] Loaded 1 rules from complete cache
[32149] [DBG] [EBP] Loaded ePub: /WeRead/蛤蟆先生去看心理医生-35551088.epub
[32454] [DBG] [ERS] Loaded cache: 8, 0
[32465] [WR] Failed to open file for reading: /.crosspoint/weread/35551088/initial-progress.bin
[32509] [DBG] [KODoc] Calculating hash for file: /WeRead/蛤蟆先生去看心理医生-35551088.epub (size: 1432149)
[32518] [DBG] [KODoc] Hash calculated: d4865928282c376d445e0f9935eef28e (from 7168 bytes)
[32536] [DBG] [BKM] Loaded 2 bookmarks from file
[32865] [DBG] [LOOP] New max loop duration: 773 ms (activity: 770 ms)
[32873] [DBG] [ERS] Loading file: OEBPS/ch000008.xhtml, index: 8
[32886] [ERR] [SCT] Deserialization failed: Unknown version 73
[32949] [DBG] [SCT] Cache cleared successfully
[32949] [DBG] [ERS] Cache not found, building...
[32995] [DBG] [SCT] Reusing cached HTML /.crosspoint/epub_2620571570/html/8.html
[33041] [DBG] [CSS] Loaded 1 rules from complete cache
[33070] [DBG] [EHP] Found image: src=images/ch000008-0.png
[33101] [DBG] [EHP] Image dimensions: 742x202
[33101] [DBG] [EHP] Display size: 628x170 (scale 0.85)
[33137] [DBG] [SDCF] Advance table style 0: +5 source=psram+sd, total=5/768
[33165] [DBG] [SDCF] Advance table style 0: +4 source=psram+sd, total=9/768
[33326] [DBG] [SDCF] Advance table style 0: +93 source=psram+sd, total=102/768
[33467] [DBG] [SDCF] Advance table style 0: +72 source=psram+sd, total=174/768
[33497] [DBG] [SCT] Page 0 processed
[33622] [DBG] [SDCF] Advance table style 0: +65 source=psram+sd, total=239/768
[33665] [DBG] [SCT] Page 1 processed
[33759] [DBG] [SDCF] Advance table style 0: +32 source=psram+sd, total=271/768
[33861] [DBG] [SDCF] Advance table style 0: +38 source=psram+sd, total=309/768
[33995] [DBG] [SDCF] Advance table style 0: +64 source=psram+sd, total=373/768
[34108] [DBG] [SCT] Page 2 processed
[34186] [DBG] [SDCF] Advance table style 0: +18 source=psram+sd, total=391/768
[34219] [DBG] [SCT] Page 3 processed
[34337] [DBG] [SDCF] Advance table style 0: +52 source=psram+sd, total=443/768
[34380] [DBG] [SCT] Page 4 processed
[34412] [DBG] [SDCF] Advance table style 0: +4 source=psram+sd, total=447/768
[34438] [DBG] [SDCF] Advance table style 0: +5 source=psram+sd, total=452/768
[34459] [DBG] [SDCF] Advance table style 0: +2 source=psram+sd, total=454/768
[34503] [DBG] [SDCF] Advance table style 0: +13 source=psram+sd, total=467/768
[34543] [DBG] [SDCF] Advance table style 0: +11 source=psram+sd, total=478/768
[34565] [DBG] [SDCF] Advance table style 0: +3 source=psram+sd, total=481/768
[34586] [DBG] [SCT] Page 5 processed
[34608] [DBG] [SDCF] Advance table style 0: +1 source=psram+sd, total=482/768
[34638] [DBG] [SDCF] Advance table style 0: +6 source=psram+sd, total=488/768
[34671] [DBG] [SDCF] Advance table style 0: +9 source=psram+sd, total=497/768
[34721] [DBG] [SDCF] Advance table style 0: +18 source=psram+sd, total=515/768
[34752] [DBG] [SDCF] Advance table style 0: +5 source=psram+sd, total=520/768
[34776] [DBG] [SCT] Page 6 processed
[34811] [DBG] [SDCF] Advance table style 0: +5 source=psram+sd, total=525/768
[34839] [DBG] [SDCF] Advance table style 0: +5 source=psram+sd, total=530/768
[34877] [DBG] [SDCF] Advance table style 0: +10 source=psram+sd, total=540/768
[34900] [DBG] [SCT] Page 7 processed
[34942] [DBG] [SDCF] Advance table style 0: +10 source=psram+sd, total=550/768
[34975] [DBG] [SDCF] Advance table style 0: +7 source=psram+sd, total=557/768
[34998] [DBG] [SDCF] Advance table style 0: +2 source=psram+sd, total=559/768
[35018] [DBG] [SDCF] Advance table style 0: +1 source=psram+sd, total=560/768
[35040] [DBG] [SCT] Page 8 processed
[35068] [DBG] [SDCF] Advance table style 0: +2 source=psram+sd, total=562/768
[35089] [DBG] [SDCF] Advance table style 0: +2 source=psram+sd, total=564/768
[35116] [DBG] [ERS] Image predecode=10ms cold=0
[35439] [DBG] [IMG] Rendering image at 28,34: /.crosspoint/epub_2620571570/img2_8_0.png (628x170)
[35450] [DBG] [IMG] Loading from cache: /.crosspoint/epub_2620571570/img2_8_0.pxc (628x170)
[35487] [DBG] [IMG] Cache render complete (payload now in RAM)
[35745] [DBG] [GFX] Time = 653 ms from clearScreen to displayBuffer
[36234] [DBG] [GFX] Stored BW buffer in 13 chunks (8000 bytes each)
[36237] [DBG] [IMG] Rendering image at 28,34: /.crosspoint/epub_2620571570/img2_8_0.png (628x170)
[36386] [DBG] [IMG] Rendering image at 28,34: /.crosspoint/epub_2620571570/img2_8_0.png (628x170)
[GRAY] commit ran: lsb bytes set=10243/103968 msb=18113/103968
[GRAY] base=1 -> gray=1
[37176] [DBG] [GFX] Restored and freed BW buffer chunks
[37177] [DBG] [ERS] Page render: prewarm=332ms bw_render=307ms display=486ms bw_store=4ms gray_lsb=149ms gray_msb=160ms gray_display=629ms bw_restore=4ms total=2071ms
[37179] [DBG] [ERS] Rendered page in 2072ms
[37281] [DBG] [ERS] Progress saved: spine=8 offset=0 page=0
[37296] [DBG] [PWR] CPU frequency now 80 MHz
[39006] [DBG] [PWR] CPU frequency now 240 MHz
[39661] [DBG] [GFX] Stored BW buffer in 13 chunks (8000 bytes each)
[GRAY] commit ran: lsb bytes set=12387/103968 msb=23118/103968
[GRAY] base=1 -> gray=1
[40089] [INF] [MEM] Free: 41711 bytes, Total: 264219 bytes, Min Free: 34711 bytes, MaxAlloc: 31732 bytes
[40716] [DBG] [GFX] Restored and freed BW buffer chunks
[40717] [DBG] [ERS] Page render: prewarm=334ms bw_render=241ms display=6ms bw_store=4ms gray_lsb=192ms gray_msb=205ms gray_display=653ms bw_restore=5ms total=1640ms
[40718] [DBG] [ERS] Rendered page in 1641ms
[40825] [DBG] [ERS] Progress saved: spine=8 offset=191 page=1
[41497] [DBG] [ERS] Image predecode=10ms cold=0
[41507] [DBG] [IMG] Rendering image at 28,34: /.crosspoint/epub_2620571570/img2_8_0.png (628x170)
[41518] [DBG] [IMG] Loading from cache: /.crosspoint/epub_2620571570/img2_8_0.pxc (628x170)
[41560] [DBG] [IMG] Cache render complete (payload now in RAM)
[41733] [DBG] [GFX] Time = 260 ms from clearScreen to displayBuffer
[42029] [DBG] [GFX] Stored BW buffer in 13 chunks (8000 bytes each)
[42031] [DBG] [IMG] Rendering image at 28,34: /.crosspoint/epub_2620571570/img2_8_0.png (628x170)
[42201] [DBG] [IMG] Rendering image at 28,34: /.crosspoint/epub_2620571570/img2_8_0.png (628x170)
[GRAY] commit ran: lsb bytes set=10243/103968 msb=18113/103968
[GRAY] base=2 -> gray=1
[43035] [DBG] [GFX] Restored and freed BW buffer chunks
[43036] [DBG] [ERS] Page render: prewarm=20ms bw_render=225ms display=293ms bw_store=4ms gray_lsb=170ms gray_msb=179ms gray_display=654ms bw_restore=4ms total=1549ms
[43037] [DBG] [ERS] Rendered page in 1550ms
[43143] [DBG] [ERS] Progress saved: spine=8 offset=0 page=0
[43682] [DBG] [GFX] Stored BW buffer in 13 chunks (8000 bytes each)
[GRAY] commit ran: lsb bytes set=12387/103968 msb=23118/103968
[GRAY] base=2 -> gray=1
[44740] [DBG] [GFX] Restored and freed BW buffer chunks
[44741] [DBG] [ERS] Page render: prewarm=5ms bw_render=242ms display=5ms bw_store=4ms gray_lsb=194ms gray_msb=204ms gray_display=655ms bw_restore=5ms total=1314ms
[44742] [DBG] [ERS] Rendered page in 1315ms
[44849] [DBG] [ERS] Progress saved: spine=8 offset=191 page=1
[46005] [DBG] [GFX] Stored BW buffer in 13 chunks (8000 bytes each)
[GRAY] commit ran: lsb bytes set=12139/103968 msb=22378/103968
[GRAY] base=2 -> gray=1
[47039] [DBG] [GFX] Restored and freed BW buffer chunks
[47040] [DBG] [ERS] Page render: prewarm=227ms bw_render=230ms display=4ms bw_store=4ms gray_lsb=182ms gray_msb=192ms gray_display=655ms bw_restore=6ms total=1500ms
[47041] [DBG] [ERS] Rendered page in 1501ms
[47148] [DBG] [ERS] Progress saved: spine=8 offset=457 page=2
[48535] [DBG] [PWR] CPU frequency now 80 MHz
[50131] [INF] [MEM] Free: 49343 bytes, Total: 264219 bytes, Min Free: 34711 bytes, MaxAlloc: 31732 bytes
[51785] [DBG] [PWR] CPU frequency now 240 MHz
[52072] [DBG] [GFX] Stored BW buffer in 13 chunks (8000 bytes each)
[GRAY] commit ran: lsb bytes set=12387/103968 msb=23118/103968
[GRAY] base=2 -> gray=1
[53130] [DBG] [GFX] Restored and freed BW buffer chunks
[53131] [DBG] [ERS] Page render: prewarm=5ms bw_render=245ms display=3ms bw_store=4ms gray_lsb=195ms gray_msb=206ms gray_display=652ms bw_restore=6ms total=1316ms
[53132] [DBG] [ERS] Rendered page in 1317ms
[53242] [DBG] [ERS] Progress saved: spine=8 offset=191 page=1
[53928] [DBG] [GFX] Stored BW buffer in 13 chunks (8000 bytes each)
[GRAY] commit ran: lsb bytes set=12139/103968 msb=22378/103968
[GRAY] base=2 -> gray=1
[54961] [DBG] [GFX] Restored and freed BW buffer chunks
[54961] [DBG] [ERS] Page render: prewarm=5ms bw_render=230ms display=4ms bw_store=4ms gray_lsb=183ms gray_msb=192ms gray_display=653ms bw_restore=5ms total=1276ms
[54962] [DBG] [ERS] Rendered page in 1277ms
[55069] [DBG] [ERS] Progress saved: spine=8 offset=457 page=2
[56680] [DBG] [PWR] CPU frequency now 80 MHz
[60157] [INF] [MEM] Free: 49343 bytes, Total: 264219 bytes, Min Free: 34711 bytes, MaxAlloc: 31732 bytes
[70190] [INF] [MEM] Free: 49343 bytes, Total: 264219 bytes, Min Free: 34711 bytes, MaxAlloc: 31732 bytes
[74523] [DBG] [PWR] CPU frequency now 240 MHz
[75087] [DBG] [GFX] Stored BW buffer in 13 chunks (8000 bytes each)
[GRAY] commit ran: lsb bytes set=12173/103968 msb=22707/103968
[GRAY] base=2 -> gray=1
[76128] [DBG] [GFX] Restored and freed BW buffer chunks
[76128] [DBG] [ERS] Page render: prewarm=251ms bw_render=234ms display=4ms bw_store=4ms gray_lsb=186ms gray_msb=196ms gray_display=655ms bw_restore=4ms total=1534ms
[76130] [DBG] [ERS] Rendered page in 1536ms
[76234] [DBG] [ERS] Progress saved: spine=8 offset=714 page=3
[77750] [DBG] [GFX] Stored BW buffer in 13 chunks (8000 bytes each)
[GRAY] commit ran: lsb bytes set=12139/103968 msb=22378/103968
[GRAY] base=2 -> gray=1
[78787] [DBG] [GFX] Restored and freed BW buffer chunks
[78787] [DBG] [ERS] Page render: prewarm=7ms bw_render=230ms display=5ms bw_store=3ms gray_lsb=183ms gray_msb=193ms gray_display=657ms bw_restore=4ms total=1282ms
[78788] [DBG] [ERS] Rendered page in 1283ms
[78893] [DBG] [ERS] Progress saved: spine=8 offset=457 page=2
[79970] [DBG] [GFX] Stored BW buffer in 13 chunks (8000 bytes each)
[80196] [INF] [MEM] Free: 43763 bytes, Total: 264219 bytes, Min Free: 34711 bytes, MaxAlloc: 31732 bytes
[GRAY] commit ran: lsb bytes set=12387/103968 msb=23118/103968
[GRAY] base=2 -> gray=1
[81029] [DBG] [GFX] Restored and freed BW buffer chunks
[81029] [DBG] [ERS] Page render: prewarm=5ms bw_render=242ms display=6ms bw_store=3ms gray_lsb=195ms gray_msb=205ms gray_display=654ms bw_restore=5ms total=1315ms
[81030] [DBG] [ERS] Rendered page in 1316ms
[81138] [DBG] [ERS] Progress saved: spine=8 offset=191 page=1
[81688] [DBG] [ERS] Image predecode=11ms cold=0
[81695] [DBG] [IMG] Rendering image at 28,34: /.crosspoint/epub_2620571570/img2_8_0.png (628x170)
[81705] [DBG] [IMG] Loading from cache: /.crosspoint/epub_2620571570/img2_8_0.pxc (628x170)
[81747] [DBG] [IMG] Cache render complete (payload now in RAM)
[81920] [DBG] [GFX] Time = 256 ms from clearScreen to displayBuffer
[82218] [DBG] [GFX] Stored BW buffer in 13 chunks (8000 bytes each)
[82221] [DBG] [IMG] Rendering image at 28,34: /.crosspoint/epub_2620571570/img2_8_0.png (628x170)
[GRAY] commit ran: lsb bytes set=10243/103968 msb=18113/103968
[82389] [DBG] [IMG] Rendering image at 28,34: /.crosspoint/epub_2620571570/img2_8_0.png (628x170)
[GRAY] base=2 -> gray=1
[83226] [DBG] [GFX] Restored and freed BW buffer chunks
[83227] [DBG] [ERS] Page render: prewarm=17ms bw_render=226ms display=293ms bw_store=6ms gray_lsb=168ms gray_msb=179ms gray_display=655ms bw_restore=6ms total=1550ms
[83228] [DBG] [ERS] Rendered page in 1551ms
[83332] [DBG] [ERS] Progress saved: spine=8 offset=0 page=0
[83338] [DBG] [ACT] Exiting activity: EpubReader
[83546] [INF] [SCT] Suspended build: 9 pages persisted
[83561] [DBG] [ACT] Entering activity: InxRecent
[84159] [DBG] [GFX] Time = 560 ms from clearScreen to displayBuffer
[84465] [DBG] [LOOP] New max loop duration: 1131 ms (activity: 262 ms)
[86292] [DBG] [GFX] Time = 233 ms from clearScreen to displayBuffer
[86338] [DBG] [ACT] Exiting activity: InxRecent
[86338] [DBG] [ACT] Entering activity: EpubReader
[86354] [DBG] [EBP] Loading ePub: /WeRead/蛤蟆先生去看心理医生-35551088.epub
[86365] [DBG] [BMC] Loaded cache data: 19 spine, 19 TOC entries
[86391] [DBG] [CSS] Loaded 1 rules from complete cache
[86391] [DBG] [EBP] Loaded ePub: /WeRead/蛤蟆先生去看心理医生-35551088.epub
[86667] [DBG] [ERS] Loaded cache: 8, 0
[86678] [WR] Failed to open file for reading: /.crosspoint/weread/35551088/initial-progress.bin
[86733] [DBG] [BKM] Loaded 2 bookmarks from file
[87102] [DBG] [ERS] Loading file: OEBPS/ch000008.xhtml, index: 8
[87115] [DBG] [SCT] Deserialization succeeded: 9 pages (partial)
[87115] [DBG] [ERS] Partial cache found (9 pages), resuming build...
[87157] [DBG] [SCT] Reusing cached HTML /.crosspoint/epub_2620571570/html/8.html
[87204] [DBG] [CSS] Loaded 1 rules from complete cache
[87232] [DBG] [EHP] Found image: src=images/ch000008-0.png
[87264] [DBG] [EHP] Image dimensions: 742x202
[87265] [DBG] [EHP] Display size: 628x170 (scale 0.85)
[87321] [DBG] [SCT] Page 0 processed
[87371] [DBG] [SCT] Page 1 processed
[87454] [DBG] [SCT] Page 2 processed
[87502] [DBG] [SCT] Page 3 processed
[87556] [DBG] [SCT] Page 4 processed
[87622] [DBG] [SCT] Page 5 processed
[87691] [DBG] [SCT] Page 6 processed
[87752] [DBG] [SCT] Page 7 processed
[87810] [DBG] [SCT] Page 8 processed
[87867] [DBG] [ERS] Image predecode=17ms cold=0
[87874] [DBG] [IMG] Rendering image at 28,34: /.crosspoint/epub_2620571570/img2_8_0.png (628x170)
[87890] [DBG] [IMG] Loading from cache: /.crosspoint/epub_2620571570/img2_8_0.pxc (628x170)
[87942] [DBG] [IMG] Cache render complete (payload now in RAM)
[88165] [DBG] [GFX] Time = 340 ms from clearScreen to displayBuffer
[88690] [DBG] [GFX] Stored BW buffer in 13 chunks (8000 bytes each)
[88693] [DBG] [IMG] Rendering image at 28,34: /.crosspoint/epub_2620571570/img2_8_0.png (628x170)
[88909] [DBG] [IMG] Rendering image at 28,34: /.crosspoint/epub_2620571570/img2_8_0.png (628x170)
[GRAY] commit ran: lsb bytes set=10243/103968 msb=18113/103968
[GRAY] base=1 -> gray=1
[89860] [DBG] [GFX] Restored and freed BW buffer chunks
[89861] [DBG] [ERS] Page render: prewarm=24ms bw_render=291ms display=520ms bw_store=6ms gray_lsb=215ms gray_msb=230ms gray_display=719ms bw_restore=6ms total=2011ms
[89863] [DBG] [ERS] Rendered page in 2013ms
[89995] [DBG] [ERS] Progress saved: spine=8 offset=0 page=0
[90043] [DBG] [SDCF] Advance table style 0: +17 source=psram+sd, total=581/768
[90063] [DBG] [SDCF] Advance table style 0: +1 source=psram+sd, total=582/768
[90097] [DBG] [SDCF] Advance table style 0: +11 source=psram+sd, total=593/768
[90138] [DBG] [SCT] Page 9 processed
[90182] [DBG] [SDCF] Advance table style 0: +11 source=psram+sd, total=604/768
[90203] [DBG] [SDCF] Advance table style 0: +2 source=psram+sd, total=606/768
[90235] [DBG] [SDCF] Advance table style 0: +6 source=psram+sd, total=612/768
[90258] [DBG] [SCT] Page 10 processed
[90295] [DBG] [SDCF] Advance table style 0: +10 source=psram+sd, total=622/768
[90334] [DBG] [SDCF] Advance table style 0: +11 source=psram+sd, total=633/768
[90356] [DBG] [SCT] Page 11 processed
[90364] [INF] [MEM] Free: 54115 bytes, Total: 264219 bytes, Min Free: 34711 bytes, MaxAlloc: 31732 bytes
[90399] [DBG] [SDCF] Advance table style 0: +5 source=psram+sd, total=638/768
[90419] [DBG] [SDCF] Advance table style 0: +2 source=psram+sd, total=640/768
[90437] [DBG] [SDCF] Advance table style 0: +2 source=psram+sd, total=642/768
[90453] [DBG] [SDCF] Advance table style 0: +1 source=psram+sd, total=643/768
[90469] [DBG] [SDCF] Advance table style 0: +1 source=psram+sd, total=644/768
[90511] [DBG] [SCT] Page 12 processed
[90532] [DBG] [SDCF] Advance table style 0: +1 source=psram+sd, total=645/768
[90552] [DBG] [SDCF] Advance table style 0: +4 source=psram+sd, total=649/768
[90570] [DBG] [SDCF] Advance table style 0: +2 source=psram+sd, total=651/768
[90611] [DBG] [SDCF] Advance table style 0: +13 source=psram+sd, total=664/768
[90637] [DBG] [SCT] Page 13 processed
[90668] [DBG] [SDCF] Advance table style 0: +7 source=psram+sd, total=671/768
[90697] [DBG] [SDCF] Advance table style 0: +8 source=psram+sd, total=679/768
[90750] [DBG] [SDCF] Advance table style 0: +18 source=psram+sd, total=697/768
[90774] [DBG] [SCT] Page 14 processed
[90804] [DBG] [SDCF] Advance table style 0: +4 source=psram+sd, total=701/768
[90832] [DBG] [SDCF] Advance table style 0: +5 source=psram+sd, total=706/768
[90876] [DBG] [SDCF] Advance table style 0: +14 source=psram+sd, total=720/768
[90900] [DBG] [SCT] Page 15 processed
[90941] [DBG] [SDCF] Advance table style 0: +11 source=psram+sd, total=731/768
[90969] [DBG] [SCT] Page 16 processed
[91004] [DBG] [SDCF] Advance table style 0: +7 source=psram+sd, total=738/768
[91048] [DBG] [SDCF] Advance table style 0: +10 source=psram+sd, total=748/768
[91069] [DBG] [SDCF] Advance table style 0: +3 source=psram+sd, total=751/768
[91091] [DBG] [SCT] Page 17 processed
[91112] [DBG] [SDCF] Advance table style 0: +1 source=psram+sd, total=752/768
[91134] [DBG] [SDCF] Advance table style 0: +3 source=psram+sd, total=755/768
[91171] [DBG] [SDCF] Advance table style 0: +10 source=psram+sd, total=765/768
[91195] [DBG] [SDCF] Advance table style 0: +3 source=psram+sd, total=768/768
[91215] [DBG] [SCT] Page 18 processed
[91466] [DBG] [SCT] Page 19 processed
[91697] [DBG] [SCT] Page 20 processed
[91901] [DBG] [SCT] Page 21 processed
[92004] [DBG] [SCT] Page 22 processed
[92177] [DBG] [SCT] Page 23 processed
[92363] [DBG] [SCT] Page 24 processed
[92422] [DBG] [EHP] Parsed in 5197 ms (tail words=0, free=53483, min=34711, maxAlloc=31732)
[92427] [DBG] [SCT] Page 25 processed
[92525] [INF] [BLE] NimBLE allocator probe: PSRAM verified (16 bytes, released)
[ 92525][E][Preferences.cpp:47] begin(): nvs_open failed: NOT_FOUND
[92572] [INF] [BLE] BLE HID host started
[92572] [INF] [BLE] after start: mode=psram internal free/min/max=28019/21155/18420 psram total/free/min/max=8388608/4951648/4826644/4718580
[92572] [INF] [BLE] stack remaining: current=2012
[92573] [INF] [BLE] stack remaining: ipc0=1112
[92573] [INF] [BLE] stack remaining: ipc1=1280
[92573] [INF] [BLE] stack remaining: nimble_host=2308
[92573] [INF] [BLE] stack remaining: ble-conn=3276
[92573] [INF] [BLE] stack remaining: ActivityManager=3388
[92574] [DBG] [PWR] CPU frequency now 80 MHz
[94369] [DBG] [ERS] Page cache: page 1 ready in 1697ms (page 0 stays live)
[94372] [DBG] [LOOP] New max loop duration: 1749 ms (activity: 1742 ms)
[96367] [DBG] [PWR] CPU frequency now 240 MHz
[96528] [DBG] [GFX] Stored BW buffer in 13 chunks (8000 bytes each)
[GRAY] commit ran: lsb bytes set=12387/103968 msb=23118/103968
[GRAY] base=1 -> gray=1
[97216] [DBG] [GFX] Restored and freed BW buffer chunks
[97216] [DBG] [ERS] Page render: page-cache hit (base_copy=4ms)
[97216] [DBG] [ERS] Page render: prewarm=0ms bw_render=80ms display=4ms bw_store=5ms gray_lsb=7ms gray_msb=7ms gray_display=669ms bw_restore=5ms total=777ms
[97217] [DBG] [ERS] Rendered page in 778ms
[97324] [DBG] [ERS] Progress saved: spine=8 offset=191 page=1
[98235] [DBG] [ERS] Page cache: page 2 ready in 579ms (page 1 stays live)
[99407] [DBG] [PWR] CPU frequency now 80 MHz
[100376] [INF] [MEM] Free: 29583 bytes, Total: 264219 bytes, Min Free: 20939 bytes, MaxAlloc: 18420 bytes
[100377] [INF] [BLE] running: mode=psram internal free/min/max=29583/20939/18420 psram total/free/min/max=8388608/4716892/4533840/4456436
[100378] [INF] [BLE] stack remaining: current=2012
[100378] [INF] [BLE] stack remaining: ipc0=1112
[100378] [INF] [BLE] stack remaining: ipc1=1280
[100379] [INF] [BLE] stack remaining: nimble_host=2308
[100380] [INF] [BLE] stack remaining: ble-conn=3276
[100380] [INF] [BLE] stack remaining: ActivityManager=3388
[101008] [DBG] [PWR] CPU frequency now 240 MHz
[101187] [DBG] [GFX] Stored BW buffer in 13 chunks (8000 bytes each)
[GRAY] commit ran: lsb bytes set=12139/103968 msb=22378/103968
[GRAY] base=1 -> gray=1
[101865] [DBG] [GFX] Restored and freed BW buffer chunks
[101865] [DBG] [ERS] Page render: page-cache hit (base_copy=4ms)
[101865] [DBG] [ERS] Page render: prewarm=0ms bw_render=82ms display=4ms bw_store=5ms gray_lsb=7ms gray_msb=9ms gray_display=658ms bw_restore=4ms total=769ms
[101866] [DBG] [ERS] Rendered page in 770ms
[101978] [DBG] [ERS] Progress saved: spine=8 offset=457 page=2
[102882] [DBG] [ERS] Page cache: page 3 ready in 588ms (page 2 stays live)
[104068] [DBG] [PWR] CPU frequency now 80 MHz
[110394] [INF] [MEM] Free: 28819 bytes, Total: 264219 bytes, Min Free: 20923 bytes, MaxAlloc: 18420 bytes
[110395] [INF] [BLE] running: mode=psram internal free/min/max=28819/20923/18420 psram total/free/min/max=8388608/4716892/4533840/4456436
[110396] [INF] [BLE] stack remaining: current=2012
[110396] [INF] [BLE] stack remaining: ipc0=1112
[110396] [INF] [BLE] stack remaining: ipc1=1280
[110397] [INF] [BLE] stack remaining: nimble_host=2308
[110398] [INF] [BLE] stack remaining: ble-conn=3276
[110398] [INF] [BLE] stack remaining: ActivityManager=3388
[120431] [INF] [MEM] Free: 28819 bytes, Total: 264219 bytes, Min Free: 20923 bytes, MaxAlloc: 18420 bytes
[120432] [INF] [BLE] running: mode=psram internal free/min/max=28819/20923/18420 psram total/free/min/max=8388608/4716892/4533840/4456436
[120433] [INF] [BLE] stack remaining: current=2012
[120433] [INF] [BLE] stack remaining: ipc0=1112
[120433] [INF] [BLE] stack remaining: ipc1=1280
[120434] [INF] [BLE] stack remaining: nimble_host=2308
[120434] [INF] [BLE] stack remaining: ble-conn=3276
[120435] [INF] [BLE] stack remaining: ActivityManager=3388
[130468] [INF] [MEM] Free: 28819 bytes, Total: 264219 bytes, Min Free: 20923 bytes, MaxAlloc: 18420 bytes
[130469] [INF] [BLE] running: mode=psram internal free/min/max=28819/20923/18420 psram total/free/min/max=8388608/4716892/4533840/4456436
[130470] [INF] [BLE] stack remaining: current=2012
[130470] [INF] [BLE] stack remaining: ipc0=1112
[130470] [INF] [BLE] stack remaining: ipc1=1280
[130471] [INF] [BLE] stack remaining: nimble_host=2308
[130471] [INF] [BLE] stack remaining: ble-conn=3276
[130472] [INF] [BLE] stack remaining: ActivityManager=3388
[140505] [INF] [MEM] Free: 28819 bytes, Total: 264219 bytes, Min Free: 20923 bytes, MaxAlloc: 18420 bytes
[140506] [INF] [BLE] running: mode=psram internal free/min/max=28819/20923/18420 psram total/free/min/max=8388608/4716892/4533840/4456436
[140507] [INF] [BLE] stack remaining: current=2012
[140507] [INF] [BLE] stack remaining: ipc0=1112
[140507] [INF] [BLE] stack remaining: ipc1=1280
[140508] [INF] [BLE] stack remaining: nimble_host=2308
[140509] [INF] [BLE] stack remaining: ble-conn=3276
[140509] [INF] [BLE] stack remaining: ActivityManager=3388
[150542] [INF] [MEM] Free: 28819 bytes, Total: 264219 bytes, Min Free: 20923 bytes, MaxAlloc: 18420 bytes
[150543] [INF] [BLE] running: mode=psram internal free/min/max=28819/20923/18420 psram total/free/min/max=8388608/4716892/4533840/4456436
[150544] [INF] [BLE] stack remaining: current=2012
[150544] [INF] [BLE] stack remaining: ipc0=1112
[150544] [INF] [BLE] stack remaining: ipc1=1280
[150545] [INF] [BLE] stack remaining: nimble_host=2308
[150545] [INF] [BLE] stack remaining: ble-conn=3276
[150546] [INF] [BLE] stack remaining: ActivityManager=3388
[160579] [INF] [MEM] Free: 28819 bytes, Total: 264219 bytes, Min Free: 20923 bytes, MaxAlloc: 18420 bytes
[160580] [INF] [BLE] running: mode=psram internal free/min/max=28819/20923/18420 psram total/free/min/max=8388608/4716892/4533840/4456436
[160581] [INF] [BLE] stack remaining: current=2012
[160581] [INF] [BLE] stack remaining: ipc0=1112
[160581] [INF] [BLE] stack remaining: ipc1=1280
[160582] [INF] [BLE] stack remaining: nimble_host=2308
[160582] [INF] [BLE] stack remaining: ble-conn=3276
[160583] [INF] [BLE] stack remaining: ActivityManager=3388
[170616] [INF] [MEM] Free: 28819 bytes, Total: 264219 bytes, Min Free: 20923 bytes, MaxAlloc: 18420 bytes
[170617] [INF] [BLE] running: mode=psram internal free/min/max=28819/20923/18420 psram total/free/min/max=8388608/4716892/4533840/4456436
[170618] [INF] [BLE] stack remaining: current=2012
[170618] [INF] [BLE] stack remaining: ipc0=1112
[170618] [INF] [BLE] stack remaining: ipc1=1280
[170619] [INF] [BLE] stack remaining: nimble_host=2308
[170619] [INF] [BLE] stack remaining: ble-conn=3276
[170620] [INF] [BLE] stack remaining: ActivityManager=3388
[180653] [INF] [MEM] Free: 28819 bytes, Total: 264219 bytes, Min Free: 20923 bytes, MaxAlloc: 18420 bytes
[180654] [INF] [BLE] running: mode=psram internal free/min/max=28819/20923/18420 psram total/free/min/max=8388608/4716892/4533840/4456436
[180655] [INF] [BLE] stack remaining: current=2012
[180655] [INF] [BLE] stack remaining: ipc0=1112
[180655] [INF] [BLE] stack remaining: ipc1=1280
[180656] [INF] [BLE] stack remaining: nimble_host=2308
[180656] [INF] [BLE] stack remaining: ble-conn=3276
[180657] [INF] [BLE] stack remaining: ActivityManager=3388
[190690] [INF] [MEM] Free: 28819 bytes, Total: 264219 bytes, Min Free: 20923 bytes, MaxAlloc: 18420 bytes
[190691] [INF] [BLE] running: mode=psram internal free/min/max=28819/20923/18420 psram total/free/min/max=8388608/4716892/4533840/4456436
[190692] [INF] [BLE] stack remaining: current=2012
[190692] [INF] [BLE] stack remaining: ipc0=1112
[190692] [INF] [BLE] stack remaining: ipc1=1280
[190693] [INF] [BLE] stack remaining: nimble_host=2308
[190693] [INF] [BLE] stack remaining: ble-conn=3276
[190694] [INF] [BLE] stack remaining: ActivityManager=3388
[200727] [INF] [MEM] Free: 28819 bytes, Total: 264219 bytes, Min Free: 20923 bytes, MaxAlloc: 18420 bytes
[200728] [INF] [BLE] running: mode=psram internal free/min/max=28819/20923/18420 psram total/free/min/max=8388608/4716892/4533840/4456436
[200729] [INF] [BLE] stack remaining: current=2012
[200729] [INF] [BLE] stack remaining: ipc0=1112
[200729] [INF] [BLE] stack remaining: ipc1=1280
[200730] [INF] [BLE] stack remaining: nimble_host=2308
[200730] [INF] [BLE] stack remaining: ble-conn=3276
[200731] [INF] [BLE] stack remaining: ActivityManager=3388
